../bsp/ds1307.c:19:9:ds1307_init	16	static
../bsp/ds1307.c:42:6:ds1307_set_current_time	24	static
../bsp/ds1307.c:64:6:ds1307_set_current_date	16	static
../bsp/ds1307.c:76:6:ds1307_get_current_time	24	static
../bsp/ds1307.c:101:6:ds1307_get_current_date	16	static
../bsp/ds1307.c:110:13:ds1307_i2c_pin_config	32	static
../bsp/ds1307.c:146:13:ds1307_i2c_config	8	static
../bsp/ds1307.c:155:13:ds1307_write	32	static
../bsp/ds1307.c:165:16:ds1307_read	32	static
../bsp/ds1307.c:176:16:binary_to_bcd	24	static
../bsp/ds1307.c:192:16:bcd_to_binary	24	static
