Archive member included to satisfy reference by file (symbol)

../Middlewares/ST/AI/Lib\NetworkRuntime512_CM4_GCC.a(ai_platform_interface.o)
                              ./X-CUBE-AI/App/sine_model.o (ai_platform_runtime_get_revision)
../Middlewares/ST/AI/Lib\NetworkRuntime512_CM4_GCC.a(core_mem_manager.o)
                              ../Middlewares/ST/AI/Lib\NetworkRuntime512_CM4_GCC.a(ai_platform_interface.o) (core_mem_alloc)
../Middlewares/ST/AI/Lib\NetworkRuntime512_CM4_GCC.a(core_common.o)
                              ../Middlewares/ST/AI/Lib\NetworkRuntime512_CM4_GCC.a(ai_platform_interface.o) (core_init)
../Middlewares/ST/AI/Lib\NetworkRuntime512_CM4_GCC.a(layers_conv2d_generic_float.o)
                              ./X-CUBE-AI/App/sine_model.o (forward_dense)
../Middlewares/ST/AI/Lib\NetworkRuntime512_CM4_GCC.a(layers_nl_generic_float.o)
                              ./X-CUBE-AI/App/sine_model.o (forward_relu)
../Middlewares/ST/AI/Lib\NetworkRuntime512_CM4_GCC.a(layers.o)
                              ../Middlewares/ST/AI/Lib\NetworkRuntime512_CM4_GCC.a(ai_platform_interface.o) (ai_check_custom_types)
../Middlewares/ST/AI/Lib\NetworkRuntime512_CM4_GCC.a(arm_mat_init_f32.o)
                              ../Middlewares/ST/AI/Lib\NetworkRuntime512_CM4_GCC.a(layers_conv2d_generic_float.o) (arm_mat_init_f32)
../Middlewares/ST/AI/Lib\NetworkRuntime512_CM4_GCC.a(ai_datatypes_format.o)
                              ../Middlewares/ST/AI/Lib\NetworkRuntime512_CM4_GCC.a(ai_platform_interface.o) (ai_array_to_buffer_fmt)
../Middlewares/ST/AI/Lib\NetworkRuntime512_CM4_GCC.a(ai_math_helpers.o)
                              ../Middlewares/ST/AI/Lib\NetworkRuntime512_CM4_GCC.a(layers_nl_generic_float.o) (ai_math_sqrt)
c:/st/stm32cubeide_1.10.1/stm32cubeide/plugins/com.st.stm32cube.ide.mcu.externaltools.gnu-tools-for-stm32.10.3-2021.10.win32_1.0.0.202111181127/tools/bin/../lib/gcc/arm-none-eabi/10.3.1/../../../../arm-none-eabi/lib/thumb/v7e-m+fp/hard\libc_nano.a(lib_a-errno.o)
                              ./Core/Src/syscalls.o (__errno)
c:/st/stm32cubeide_1.10.1/stm32cubeide/plugins/com.st.stm32cube.ide.mcu.externaltools.gnu-tools-for-stm32.10.3-2021.10.win32_1.0.0.202111181127/tools/bin/../lib/gcc/arm-none-eabi/10.3.1/../../../../arm-none-eabi/lib/thumb/v7e-m+fp/hard\libc_nano.a(lib_a-exit.o)
                              c:/st/stm32cubeide_1.10.1/stm32cubeide/plugins/com.st.stm32cube.ide.mcu.externaltools.gnu-tools-for-stm32.10.3-2021.10.win32_1.0.0.202111181127/tools/bin/../lib/gcc/arm-none-eabi/10.3.1/../../../../arm-none-eabi/lib/thumb/v7e-m+fp/hard/crt0.o (exit)
c:/st/stm32cubeide_1.10.1/stm32cubeide/plugins/com.st.stm32cube.ide.mcu.externaltools.gnu-tools-for-stm32.10.3-2021.10.win32_1.0.0.202111181127/tools/bin/../lib/gcc/arm-none-eabi/10.3.1/../../../../arm-none-eabi/lib/thumb/v7e-m+fp/hard\libc_nano.a(lib_a-impure.o)
                              c:/st/stm32cubeide_1.10.1/stm32cubeide/plugins/com.st.stm32cube.ide.mcu.externaltools.gnu-tools-for-stm32.10.3-2021.10.win32_1.0.0.202111181127/tools/bin/../lib/gcc/arm-none-eabi/10.3.1/../../../../arm-none-eabi/lib/thumb/v7e-m+fp/hard\libc_nano.a(lib_a-exit.o) (_global_impure_ptr)
c:/st/stm32cubeide_1.10.1/stm32cubeide/plugins/com.st.stm32cube.ide.mcu.externaltools.gnu-tools-for-stm32.10.3-2021.10.win32_1.0.0.202111181127/tools/bin/../lib/gcc/arm-none-eabi/10.3.1/../../../../arm-none-eabi/lib/thumb/v7e-m+fp/hard\libc_nano.a(lib_a-init.o)
                              c:/st/stm32cubeide_1.10.1/stm32cubeide/plugins/com.st.stm32cube.ide.mcu.externaltools.gnu-tools-for-stm32.10.3-2021.10.win32_1.0.0.202111181127/tools/bin/../lib/gcc/arm-none-eabi/10.3.1/../../../../arm-none-eabi/lib/thumb/v7e-m+fp/hard/crt0.o (__libc_init_array)
c:/st/stm32cubeide_1.10.1/stm32cubeide/plugins/com.st.stm32cube.ide.mcu.externaltools.gnu-tools-for-stm32.10.3-2021.10.win32_1.0.0.202111181127/tools/bin/../lib/gcc/arm-none-eabi/10.3.1/../../../../arm-none-eabi/lib/thumb/v7e-m+fp/hard\libc_nano.a(lib_a-malloc.o)
                              ../Middlewares/ST/AI/Lib\NetworkRuntime512_CM4_GCC.a(core_mem_manager.o) (malloc)
c:/st/stm32cubeide_1.10.1/stm32cubeide/plugins/com.st.stm32cube.ide.mcu.externaltools.gnu-tools-for-stm32.10.3-2021.10.win32_1.0.0.202111181127/tools/bin/../lib/gcc/arm-none-eabi/10.3.1/../../../../arm-none-eabi/lib/thumb/v7e-m+fp/hard\libc_nano.a(lib_a-memcpy-stub.o)
                              ./X-CUBE-AI/App/sine_model.o (memcpy)
c:/st/stm32cubeide_1.10.1/stm32cubeide/plugins/com.st.stm32cube.ide.mcu.externaltools.gnu-tools-for-stm32.10.3-2021.10.win32_1.0.0.202111181127/tools/bin/../lib/gcc/arm-none-eabi/10.3.1/../../../../arm-none-eabi/lib/thumb/v7e-m+fp/hard\libc_nano.a(lib_a-memset.o)
                              c:/st/stm32cubeide_1.10.1/stm32cubeide/plugins/com.st.stm32cube.ide.mcu.externaltools.gnu-tools-for-stm32.10.3-2021.10.win32_1.0.0.202111181127/tools/bin/../lib/gcc/arm-none-eabi/10.3.1/../../../../arm-none-eabi/lib/thumb/v7e-m+fp/hard/crt0.o (memset)
[...]
Memory Configuration

Name             Origin             Length             Attributes
RAM              0x0000000020000000 0x0000000000020000 xrw
FLASH            0x0000000008000000 0x0000000000080000 xr
*default*        0x0000000000000000 0xffffffffffffffff

Linker script and memory map

LOAD c:/st/stm32cubeide_1.10.1/stm32cubeide/plugins/com.st.stm32cube.ide.mcu.externaltools.gnu-tools-for-stm32.10.3-2021.10.win32_1.0.0.202111181127/tools/bin/../lib/gcc/arm-none-eabi/10.3.1/thumb/v7e-m+fp/hard/crti.o
LOAD c:/st/stm32cubeide_1.10.1/stm32cubeide/plugins/com.st.stm32cube.ide.mcu.externaltools.gnu-tools-for-stm32.10.3-2021.10.win32_1.0.0.202111181127/tools/bin/../lib/gcc/arm-none-eabi/10.3.1/thumb/v7e-m+fp/hard/crtbegin.o
LOAD c:/st/stm32cubeide_1.10.1/stm32cubeide/plugins/com.st.stm32cube.ide.mcu.externaltools.gnu-tools-for-stm32.10.3-2021.10.win32_1.0.0.202111181127/tools/bin/../lib/gcc/arm-none-eabi/10.3.1/../../../../arm-none-eabi/lib/thumb/v7e-m+fp/hard/crt0.o
LOAD ./Core/Src/main.o
LOAD ./Core/Src/stm32f4xx_hal_msp.o
LOAD ./Core/Src/stm32f4xx_it.o
LOAD ./Core/Src/syscalls.o
LOAD ./Core/Src/sysmem.o
LOAD ./Core/Src/system_stm32f4xx.o
LOAD ./Core/Startup/startup_stm32f446retx.o
LOAD ./Drivers/STM32F4xx_HAL_Driver/Src/stm32f4xx_hal.o
LOAD ./Drivers/STM32F4xx_HAL_Driver/Src/stm32f4xx_hal_cortex.o
LOAD ./Drivers/STM32F4xx_HAL_Driver/Src/stm32f4xx_hal_crc.o
LOAD ./Drivers/STM32F4xx_HAL_Driver/Src/stm32f4xx_hal_dma.o
LOAD ./Drivers/STM32F4xx_HAL_Driver/Src/stm32f4xx_hal_dma_ex.o
LOAD ./Drivers/STM32F4xx_HAL_Driver/Src/stm32f4xx_hal_exti.o
LOAD ./Drivers/STM32F4xx_HAL_Driver/Src/stm32f4xx_hal_flash.o
LOAD ./Drivers/STM32F4xx_HAL_Driver/Src/stm32f4xx_hal_flash_ex.o
LOAD ./Drivers/STM32F4xx_HAL_Driver/Src/stm32f4xx_hal_flash_ramfunc.o
LOAD ./Drivers/STM32F4xx_HAL_Driver/Src/stm32f4xx_hal_gpio.o
LOAD ./Drivers/STM32F4xx_HAL_Driver/Src/stm32f4xx_hal_pwr.o
LOAD ./Drivers/STM32F4xx_HAL_Driver/Src/stm32f4xx_hal_pwr_ex.o
LOAD ./Drivers/STM32F4xx_HAL_Driver/Src/stm32f4xx_hal_rcc.o
LOAD ./Drivers/STM32F4xx_HAL_Driver/Src/stm32f4xx_hal_rcc_ex.o
LOAD ./Drivers/STM32F4xx_HAL_Driver/Src/stm32f4xx_hal_tim.o
LOAD ./Drivers/STM32F4xx_HAL_Driver/Src/stm32f4xx_hal_tim_ex.o
LOAD ./Drivers/STM32F4xx_HAL_Driver/Src/stm32f4xx_hal_uart.o
LOAD ./X-CUBE-AI/App/sine_model.o
LOAD ./X-CUBE-AI/App/sine_model_data.o
LOAD ../Middlewares/ST/AI/Lib\NetworkRuntime512_CM4_GCC.a
START GROUP
LOAD c:/st/stm32cubeide_1.10.1/stm32cubeide/plugins/com.st.stm32cube.ide.mcu.externaltools.gnu-tools-for-stm32.10.3-2021.10.win32_1.0.0.202111181127/tools/bin/../lib/gcc/arm-none-eabi/10.3.1/../../../../arm-none-eabi/lib/thumb/v7e-m+fp/hard\libc_nano.a
LOAD c:/st/stm32cubeide_1.10.1/stm32cubeide/plugins/com.st.stm32cube.ide.mcu.externaltools.gnu-tools-for-stm32.10.3-2021.10.win32_1.0.0.202111181127/tools/bin/../lib/gcc/arm-none-eabi/10.3.1/../../../../arm-none-eabi/lib/thumb/v7e-m+fp/hard\libm.a
END GROUP
START GROUP
LOAD c:/st/stm32cubeide_1.10.1/stm32cubeide/plugins/com.st.stm32cube.ide.mcu.externaltools.gnu-tools-for-stm32.10.3-2021.10.win32_1.0.0.202111181127/tools/bin/../lib/gcc/arm-none-eabi/10.3.1/thumb/v7e-m+fp/hard\libgcc.a
LOAD c:/st/stm32cubeide_1.10.1/stm32cubeide/plugins/com.st.stm32cube.ide.mcu.externaltools.gnu-tools-for-stm32.10.3-2021.10.win32_1.0.0.202111181127/tools/bin/../lib/gcc/arm-none-eabi/10.3.1/../../../../arm-none-eabi/lib/thumb/v7e-m+fp/hard\libc_nano.a
END GROUP
START GROUP
LOAD c:/st/stm32cubeide_1.10.1/stm32cubeide/plugins/com.st.stm32cube.ide.mcu.externaltools.gnu-tools-for-stm32.10.3-2021.10.win32_1.0.0.202111181127/tools/bin/../lib/gcc/arm-none-eabi/10.3.1/thumb/v7e-m+fp/hard\libgcc.a
LOAD c:/st/stm32cubeide_1.10.1/stm32cubeide/plugins/com.st.stm32cube.ide.mcu.externaltools.gnu-tools-for-stm32.10.3-2021.10.win32_1.0.0.202111181127/tools/bin/../lib/gcc/arm-none-eabi/10.3.1/../../../../arm-none-eabi/lib/thumb/v7e-m+fp/hard\libc_nano.a
LOAD c:/st/stm32cubeide_1.10.1/stm32cubeide/plugins/com.st.stm32cube.ide.mcu.externaltools.gnu-tools-for-stm32.10.3-2021.10.win32_1.0.0.202111181127/tools/bin/../lib/gcc/arm-none-eabi/10.3.1/../../../../arm-none-eabi/lib/thumb/v7e-m+fp/hard\libnosys.a
END GROUP
START GROUP
LOAD c:/st/stm32cubeide_1.10.1/stm32cubeide/plugins/com.st.stm32cube.ide.mcu.externaltools.gnu-tools-for-stm32.10.3-2021.10.win32_1.0.0.202111181127/tools/bin/../lib/gcc/arm-none-eabi/10.3.1/thumb/v7e-m+fp/hard\libgcc.a
LOAD c:/st/stm32cubeide_1.10.1/stm32cubeide/plugins/com.st.stm32cube.ide.mcu.externaltools.gnu-tools-for-stm32.10.3-2021.10.win32_1.0.0.202111181127/tools/bin/../lib/gcc/arm-none-eabi/10.3.1/../../../../arm-none-eabi/lib/thumb/v7e-m+fp/hard\libc_nano.a
LOAD c:/st/stm32cubeide_1.10.1/stm32cubeide/plugins/com.st.stm32cube.ide.mcu.externaltools.gnu-tools-for-stm32.10.3-2021.10.win32_1.0.0.202111181127/tools/bin/../lib/gcc/arm-none-eabi/10.3.1/../../../../arm-none-eabi/lib/thumb/v7e-m+fp/hard\libnosys.a
END GROUP
LOAD c:/st/stm32cubeide_1.10.1/stm32cubeide/plugins/com.st.stm32cube.ide.mcu.externaltools.gnu-tools-for-stm32.10.3-2021.10.win32_1.0.0.202111181127/tools/bin/../lib/gcc/arm-none-eabi/10.3.1/thumb/v7e-m+fp/hard/crtend.o
LOAD c:/st/stm32cubeide_1.10.1/stm32cubeide/plugins/com.st.stm32cube.ide.mcu.externaltools.gnu-tools-for-stm32.10.3-2021.10.win32_1.0.0.202111181127/tools/bin/../lib/gcc/arm-none-eabi/10.3.1/thumb/v7e-m+fp/hard/crtn.o
                0x0000000020020000                _estack = (ORIGIN (RAM) + LENGTH (RAM))
                0x0000000000000200                _Min_Heap_Size = 0x200
                0x0000000000000800                _Min_Stack_Size = 0x800

.isr_vector     0x0000000008000000      0x1c4
                0x0000000008000000                . = ALIGN (0x4)
 *(.isr_vector)
 .isr_vector    0x0000000008000000      0x1c4 ./Core/Startup/startup_stm32f446retx.o
                0x0000000008000000                g_pfnVectors
                0x00000000080001c4                . = ALIGN (0x4)

.text           0x00000000080001d0     0x7508
                0x00000000080001d0                . = ALIGN (0x4)
 *(.text)
 .text          0x00000000080001d0       0x40 c:/st/stm32cubeide_1.10.1/stm32cubeide/plugins/com.st.stm32cube.ide.mcu.externaltools.gnu-tools-for-stm32.10.3-2021.10.win32_1.0.0.202111181127/tools/bin/../lib/gcc/arm-none-eabi/10.3.1/thumb/v7e-m+fp/hard/crtbegin.o
 .text          0x0000000008000210       0x10 c:/st/stm32cubeide_1.10.1/stm32cubeide/plugins/com.st.stm32cube.ide.mcu.externaltools.gnu-tools-for-stm32.10.3-2021.10.win32_1.0.0.202111181127/tools/bin/../lib/gcc/arm-none-eabi/10.3.1/../../../../arm-none-eabi/lib/thumb/v7e-m+fp/hard\libc_nano.a(lib_a-strlen.o)
                0x0000000008000210                strlen
 .text          0x0000000008000220       0xa0 c:/st/stm32cubeide_1.10.1/stm32cubeide/plugins/com.st.stm32cube.ide.mcu.externaltools.gnu-tools-for-stm32.10.3-2021.10.win32_1.0.0.202111181127/tools/bin/../lib/gcc/arm-none-eabi/10.3.1/../../../../arm-none-eabi/lib/thumb/v7e-m+fp/hard\libc_nano.a(lib_a-memchr.o)
                0x0000000008000220                memchr
 .text          0x00000000080002c0      0x378 c:/st/stm32cubeide_1.10.1/stm32cubeide/plugins/com.st.stm32cube.ide.mcu.externaltools.gnu-tools-for-stm32.10.3-2021.10.win32_1.0.0.202111181127/tools/bin/../lib/gcc/arm-none-eabi/10.3.1/thumb/v7e-m+fp/hard\libgcc.a(_arm_addsubdf3.o)
                0x00000000080002c0                __aeabi_drsub
                0x00000000080002c8                __aeabi_dsub
                0x00000000080002c8                __subdf3
                0x00000000080002cc                __aeabi_dadd
                0x00000000080002cc                __adddf3
                0x0000000008000544                __floatunsidf
                0x0000000008000544                __aeabi_ui2d
                0x0000000008000564                __floatsidf
                0x0000000008000564                __aeabi_i2d
                0x0000000008000588                __aeabi_f2d
                0x0000000008000588                __extendsfdf2
                0x00000000080005cc                __floatundidf
                0x00000000080005cc                __aeabi_ul2d
                0x00000000080005dc                __floatdidf
                0x00000000080005dc                __aeabi_l2d
 .text          0x0000000008000638      0x424 c:/st/stm32cubeide_1.10.1/stm32cubeide/plugins/com.st.stm32cube.ide.mcu.externaltools.gnu-tools-for-stm32.10.3-2021.10.win32_1.0.0.202111181127/tools/bin/../lib/gcc/arm-none-eabi/10.3.1/thumb/v7e-m+fp/hard\libgcc.a(_arm_muldivdf3.o)
                0x0000000008000638                __aeabi_dmul
                0x0000000008000638                __muldf3
                0x000000000800088c                __divdf3
                0x000000000800088c                __aeabi_ddiv
 .text          0x0000000008000a5c      0x110 c:/st/stm32cubeide_1.10.1/stm32cubeide/plugins/com.st.stm32cube.ide.mcu.externaltools.gnu-tools-for-stm32.10.3-2021.10.win32_1.0.0.202111181127/tools/bin/../lib/gcc/arm-none-eabi/10.3.1/thumb/v7e-m+fp/hard\libgcc.a(_arm_cmpdf2.o)
                0x0000000008000a5c                __gtdf2
                0x0000000008000a5c                __gedf2
                0x0000000008000a64                __ltdf2
                0x0000000008000a64                __ledf2
                0x0000000008000a6c                __nedf2
                0x0000000008000a6c                __eqdf2
                0x0000000008000a6c                __cmpdf2
                0x0000000008000ae8                __aeabi_cdrcmple
                0x0000000008000af8                __aeabi_cdcmpeq
                0x0000000008000af8                __aeabi_cdcmple
                0x0000000008000b08                __aeabi_dcmpeq
                0x0000000008000b1c                __aeabi_dcmplt
                0x0000000008000b30                __aeabi_dcmple
                0x0000000008000b44                __aeabi_dcmpge
                0x0000000008000b58                __aeabi_dcmpgt
 .text          0x0000000008000b6c       0x2c c:/st/stm32cubeide_1.10.1/stm32cubeide/plugins/com.st.stm32cube.ide.mcu.externaltools.gnu-tools-for-stm32.10.3-2021.10.win32_1.0.0.202111181127/tools/bin/../lib/gcc/arm-none-eabi/10.3.1/thumb/v7e-m+fp/hard\libgcc.a(_arm_unorddf2.o)
                0x0000000008000b6c                __unorddf2
                0x0000000008000b6c                __aeabi_dcmpun
 .text          0x0000000008000b98       0x50 c:/st/stm32cubeide_1.10.1/stm32cubeide/plugins/com.st.stm32cube.ide.mcu.externaltools.gnu-tools-for-stm32.10.3-2021.10.win32_1.0.0.202111181127/tools/bin/../lib/gcc/arm-none-eabi/10.3.1/thumb/v7e-m+fp/hard\libgcc.a(_arm_fixdfsi.o)
                0x0000000008000b98                __aeabi_d2iz
                0x0000000008000b98                __fixdfsi
 .text          0x0000000008000be8       0x30 c:/st/stm32cubeide_1.10.1/stm32cubeide/plugins/com.st.stm32cube.ide.mcu.externaltools.gnu-tools-for-stm32.10.3-2021.10.win32_1.0.0.202111181127/tools/bin/../lib/gcc/arm-none-eabi/10.3.1/thumb/v7e-m+fp/hard\libgcc.a(_aeabi_uldivmod.o)
                0x0000000008000be8                __aeabi_uldivmod
 .text          0x0000000008000c18      0x2d0 c:/st/stm32cubeide_1.10.1/stm32cubeide/plugins/com.st.stm32cube.ide.mcu.externaltools.gnu-tools-for-stm32.10.3-2021.10.win32_1.0.0.202111181127/tools/bin/../lib/gcc/arm-none-eabi/10.3.1/thumb/v7e-m+fp/hard\libgcc.a(_udivmoddi4.o)
                0x0000000008000c18                __udivmoddi4
 .text          0x0000000008000ee8        0x4 c:/st/stm32cubeide_1.10.1/stm32cubeide/plugins/com.st.stm32cube.ide.mcu.externaltools.gnu-tools-for-stm32.10.3-2021.10.win32_1.0.0.202111181127/tools/bin/../lib/gcc/arm-none-eabi/10.3.1/thumb/v7e-m+fp/hard\libgcc.a(_dvmd_tls.o)
                0x0000000008000ee8                __aeabi_idiv0
                0x0000000008000ee8                __aeabi_ldiv0
 *(.text*)
 .text.main     0x0000000008000eec      0x2b8 ./Core/Src/main.o
                0x0000000008000eec                main
 .text.SystemClock_Config
                0x00000000080011a4       0xd8 ./Core/Src/main.o
                0x00000000080011a4                SystemClock_Config
 .text.MX_CRC_Init
                0x000000000800127c       0x28 ./Core/Src/main.o
 .text.MX_TIM14_Init
                0x00000000080012a4       0x48 ./Core/Src/main.o
 .text.MX_USART2_UART_Init
                0x00000000080012ec       0x54 ./Core/Src/main.o
 .text.MX_GPIO_Init
                0x0000000008001340       0xdc ./Core/Src/main.o
 .text.Error_Handler
                0x000000000800141c        0xa ./Core/Src/main.o
                0x000000000800141c                Error_Handler
 *fill*         0x0000000008001426        0x2 
 .text.HAL_MspInit
                0x0000000008001428       0x50 ./Core/Src/stm32f4xx_hal_msp.o
                0x0000000008001428                HAL_MspInit
 .text.HAL_CRC_MspInit
                0x0000000008001478       0x44 ./Core/Src/stm32f4xx_hal_msp.o
                0x0000000008001478                HAL_CRC_MspInit
 .text.HAL_TIM_Base_MspInit
                0x00000000080014bc       0x44 ./Core/Src/stm32f4xx_hal_msp.o
                0x00000000080014bc                HAL_TIM_Base_MspInit
 .text.HAL_UART_MspInit
                0x0000000008001500       0x90 ./Core/Src/stm32f4xx_hal_msp.o
                0x0000000008001500                HAL_UART_MspInit
 .text.NMI_Handler
                0x0000000008001590        0x6 ./Core/Src/stm32f4xx_it.o
                0x0000000008001590                NMI_Handler
 .text.HardFault_Handler
                0x0000000008001596        0x6 ./Core/Src/stm32f4xx_it.o
                0x0000000008001596                HardFault_Handler
 .text.MemManage_Handler
                0x000000000800159c        0x6 ./Core/Src/stm32f4xx_it.o
                0x000000000800159c                MemManage_Handler
 .text.BusFault_Handler
                0x00000000080015a2        0x6 ./Core/Src/stm32f4xx_it.o
                0x00000000080015a2                BusFault_Handler
 .text.UsageFault_Handler
                0x00000000080015a8        0x6 ./Core/Src/stm32f4xx_it.o
                0x00000000080015a8                UsageFault_Handler
 .text.SVC_Handler
                0x00000000080015ae        0xe ./Core/Src/stm32f4xx_it.o
                0x00000000080015ae                SVC_Handler
 .text.DebugMon_Handler
                0x00000000080015bc        0xe ./Core/Src/stm32f4xx_it.o
                0x00000000080015bc                DebugMon_Handler
 .text.PendSV_Handler
                0x00000000080015ca        0xe ./Core/Src/stm32f4xx_it.o
                0x00000000080015ca                PendSV_Handler
 .text.SysTick_Handler
                0x00000000080015d8        0xc ./Core/Src/stm32f4xx_it.o
                0x00000000080015d8                SysTick_Handler
 .text._getpid  0x00000000080015e4       0x10 ./Core/Src/syscalls.o
                0x00000000080015e4                _getpid
 .text._kill    0x00000000080015f4       0x20 ./Core/Src/syscalls.o
                0x00000000080015f4                _kill
 .text._exit    0x0000000008001614       0x14 ./Core/Src/syscalls.o
                0x0000000008001614                _exit
 .text._read    0x0000000008001628       0x3a ./Core/Src/syscalls.o
                0x0000000008001628                _read
 .text._write   0x0000000008001662       0x38 ./Core/Src/syscalls.o
                0x0000000008001662                _write
 .text._close   0x000000000800169a       0x18 ./Core/Src/syscalls.o
                0x000000000800169a                _close
 .text._fstat   0x00000000080016b2       0x20 ./Core/Src/syscalls.o
                0x00000000080016b2                _fstat
 .text._isatty  0x00000000080016d2       0x16 ./Core/Src/syscalls.o
                0x00000000080016d2                _isatty
 .text._lseek   0x00000000080016e8       0x1a ./Core/Src/syscalls.o
                0x00000000080016e8                _lseek
 *fill*         0x0000000008001702        0x2 
 .text._sbrk    0x0000000008001704       0x6c ./Core/Src/sysmem.o
                0x0000000008001704                _sbrk
 .text.SystemInit
                0x0000000008001770       0x24 ./Core/Src/system_stm32f4xx.o
                0x0000000008001770                SystemInit
 .text.Reset_Handler
                0x0000000008001794       0x50 ./Core/Startup/startup_stm32f446retx.o
                0x0000000008001794                Reset_Handler
 .text.Default_Handler
                0x00000000080017e4        0x2 ./Core/Startup/startup_stm32f446retx.o
                0x00000000080017e4                RTC_Alarm_IRQHandler
                0x00000000080017e4                EXTI2_IRQHandler
                0x00000000080017e4                TIM8_CC_IRQHandler
                0x00000000080017e4                FMPI2C1_EV_IRQHandler
                0x00000000080017e4                SPI4_IRQHandler
                0x00000000080017e4                TIM1_CC_IRQHandler
                0x00000000080017e4                DMA2_Stream5_IRQHandler
                0x00000000080017e4                DMA1_Stream5_IRQHandler
                0x00000000080017e4                PVD_IRQHandler
                0x00000000080017e4                SDIO_IRQHandler
                0x00000000080017e4                TAMP_STAMP_IRQHandler
                0x00000000080017e4                CAN2_RX1_IRQHandler
                0x00000000080017e4                EXTI3_IRQHandler
                0x00000000080017e4                TIM8_TRG_COM_TIM14_IRQHandler
                0x00000000080017e4                TIM1_UP_TIM10_IRQHandler
                0x00000000080017e4                TIM8_UP_TIM13_IRQHandler
                0x00000000080017e4                I2C3_ER_IRQHandler
                0x00000000080017e4                EXTI0_IRQHandler
                0x00000000080017e4                I2C2_EV_IRQHandler
                0x00000000080017e4                DMA1_Stream2_IRQHandler
                0x00000000080017e4                CAN1_RX0_IRQHandler
                0x00000000080017e4                FPU_IRQHandler
                0x00000000080017e4                OTG_HS_WKUP_IRQHandler
                0x00000000080017e4                CAN2_SCE_IRQHandler
                0x00000000080017e4                DMA2_Stream2_IRQHandler
                0x00000000080017e4                SPI1_IRQHandler
                0x00000000080017e4                TIM6_DAC_IRQHandler
                0x00000000080017e4                TIM1_BRK_TIM9_IRQHandler
                0x00000000080017e4                DCMI_IRQHandler
                0x00000000080017e4                CAN2_RX0_IRQHandler
                0x00000000080017e4                DMA2_Stream3_IRQHandler
                0x00000000080017e4                SAI2_IRQHandler
                0x00000000080017e4                USART6_IRQHandler
                0x00000000080017e4                USART3_IRQHandler
                0x00000000080017e4                CAN1_RX1_IRQHandler
                0x00000000080017e4                UART5_IRQHandler
                0x00000000080017e4                DMA2_Stream0_IRQHandler
                0x00000000080017e4                TIM4_IRQHandler
                0x00000000080017e4                QUADSPI_IRQHandler
                0x00000000080017e4                I2C1_EV_IRQHandler
                0x00000000080017e4                DMA1_Stream6_IRQHandler
                0x00000000080017e4                DMA1_Stream1_IRQHandler
                0x00000000080017e4                UART4_IRQHandler
                0x00000000080017e4                TIM3_IRQHandler
                0x00000000080017e4                RCC_IRQHandler
                0x00000000080017e4                TIM8_BRK_TIM12_IRQHandler
                0x00000000080017e4                Default_Handler
                0x00000000080017e4                CEC_IRQHandler
                0x00000000080017e4                EXTI15_10_IRQHandler
                0x00000000080017e4                ADC_IRQHandler
                0x00000000080017e4                DMA1_Stream7_IRQHandler
                0x00000000080017e4                TIM7_IRQHandler
                0x00000000080017e4                CAN2_TX_IRQHandler
                0x00000000080017e4                TIM5_IRQHandler
                0x00000000080017e4                DMA2_Stream7_IRQHandler
                0x00000000080017e4                I2C3_EV_IRQHandler
                0x00000000080017e4                EXTI9_5_IRQHandler
                0x00000000080017e4                RTC_WKUP_IRQHandler
                0x00000000080017e4                SPDIF_RX_IRQHandler
                0x00000000080017e4                SPI2_IRQHandler
                0x00000000080017e4                OTG_HS_EP1_IN_IRQHandler
                0x00000000080017e4                DMA1_Stream0_IRQHandler
                0x00000000080017e4                CAN1_TX_IRQHandler
                0x00000000080017e4                FMPI2C1_ER_IRQHandler
                0x00000000080017e4                EXTI4_IRQHandler
                0x00000000080017e4                OTG_HS_EP1_OUT_IRQHandler
                0x00000000080017e4                WWDG_IRQHandler
                0x00000000080017e4                TIM2_IRQHandler
                0x00000000080017e4                OTG_FS_WKUP_IRQHandler
                0x00000000080017e4                TIM1_TRG_COM_TIM11_IRQHandler
                0x00000000080017e4                OTG_HS_IRQHandler
                0x00000000080017e4                EXTI1_IRQHandler
                0x00000000080017e4                USART2_IRQHandler
                0x00000000080017e4                I2C2_ER_IRQHandler
                0x00000000080017e4                DMA2_Stream1_IRQHandler
                0x00000000080017e4                CAN1_SCE_IRQHandler
                0x00000000080017e4                FLASH_IRQHandler
                0x00000000080017e4                DMA2_Stream4_IRQHandler
                0x00000000080017e4                USART1_IRQHandler
                0x00000000080017e4                OTG_FS_IRQHandler
                0x00000000080017e4                SPI3_IRQHandler
                0x00000000080017e4                DMA1_Stream4_IRQHandler
                0x00000000080017e4                I2C1_ER_IRQHandler
                0x00000000080017e4                FMC_IRQHandler
                0x00000000080017e4                DMA2_Stream6_IRQHandler
                0x00000000080017e4                SAI1_IRQHandler
                0x00000000080017e4                DMA1_Stream3_IRQHandler
 *fill*         0x00000000080017e6        0x2 
 .text.HAL_Init
                0x00000000080017e8       0x44 ./Drivers/STM32F4xx_HAL_Driver/Src/stm32f4xx_hal.o
                0x00000000080017e8                HAL_Init
 .text.HAL_InitTick
                0x000000000800182c       0x60 ./Drivers/STM32F4xx_HAL_Driver/Src/stm32f4xx_hal.o
                0x000000000800182c                HAL_InitTick
 .text.HAL_IncTick
                0x000000000800188c       0x28 ./Drivers/STM32F4xx_HAL_Driver/Src/stm32f4xx_hal.o
                0x000000000800188c                HAL_IncTick
 .text.HAL_GetTick
                0x00000000080018b4       0x18 ./Drivers/STM32F4xx_HAL_Driver/Src/stm32f4xx_hal.o
                0x00000000080018b4                HAL_GetTick
 .text.HAL_Delay
                0x00000000080018cc       0x48 ./Drivers/STM32F4xx_HAL_Driver/Src/stm32f4xx_hal.o
                0x00000000080018cc                HAL_Delay
 .text.__NVIC_SetPriorityGrouping
                0x0000000008001914       0x48 ./Drivers/STM32F4xx_HAL_Driver/Src/stm32f4xx_hal_cortex.o
 .text.__NVIC_GetPriorityGrouping
                0x000000000800195c       0x1c ./Drivers/STM32F4xx_HAL_Driver/Src/stm32f4xx_hal_cortex.o
 .text.__NVIC_SetPriority
                0x0000000008001978       0x54 ./Drivers/STM32F4xx_HAL_Driver/Src/stm32f4xx_hal_cortex.o
 .text.NVIC_EncodePriority
                0x00000000080019cc       0x66 ./Drivers/STM32F4xx_HAL_Driver/Src/stm32f4xx_hal_cortex.o
 *fill*         0x0000000008001a32        0x2 
 .text.SysTick_Config
                0x0000000008001a34       0x44 ./Drivers/STM32F4xx_HAL_Driver/Src/stm32f4xx_hal_cortex.o
 .text.HAL_NVIC_SetPriorityGrouping
                0x0000000008001a78       0x16 ./Drivers/STM32F4xx_HAL_Driver/Src/stm32f4xx_hal_cortex.o
                0x0000000008001a78                HAL_NVIC_SetPriorityGrouping
 .text.HAL_NVIC_SetPriority
                0x0000000008001a8e       0x38 ./Drivers/STM32F4xx_HAL_Driver/Src/stm32f4xx_hal_cortex.o
                0x0000000008001a8e                HAL_NVIC_SetPriority
 .text.HAL_SYSTICK_Config
                0x0000000008001ac6       0x18 ./Drivers/STM32F4xx_HAL_Driver/Src/stm32f4xx_hal_cortex.o
                0x0000000008001ac6                HAL_SYSTICK_Config
 .text.HAL_CRC_Init
                0x0000000008001ade       0x38 ./Drivers/STM32F4xx_HAL_Driver/Src/stm32f4xx_hal_crc.o
                0x0000000008001ade                HAL_CRC_Init
 *fill*         0x0000000008001b16        0x2 
 .text.HAL_GPIO_Init
                0x0000000008001b18      0x328 ./Drivers/STM32F4xx_HAL_Driver/Src/stm32f4xx_hal_gpio.o
                0x0000000008001b18                HAL_GPIO_Init
 .text.HAL_GPIO_WritePin
                0x0000000008001e40       0x32 ./Drivers/STM32F4xx_HAL_Driver/Src/stm32f4xx_hal_gpio.o
                0x0000000008001e40                HAL_GPIO_WritePin
 *fill*         0x0000000008001e72        0x2 
 .text.HAL_RCC_ClockConfig
                0x0000000008001e74      0x1cc ./Drivers/STM32F4xx_HAL_Driver/Src/stm32f4xx_hal_rcc.o
                0x0000000008001e74                HAL_RCC_ClockConfig
 .text.HAL_RCC_GetHCLKFreq
                0x0000000008002040       0x18 ./Drivers/STM32F4xx_HAL_Driver/Src/stm32f4xx_hal_rcc.o
                0x0000000008002040                HAL_RCC_GetHCLKFreq
 .text.HAL_RCC_GetPCLK1Freq
                0x0000000008002058       0x28 ./Drivers/STM32F4xx_HAL_Driver/Src/stm32f4xx_hal_rcc.o
                0x0000000008002058                HAL_RCC_GetPCLK1Freq
 .text.HAL_RCC_GetPCLK2Freq
                0x0000000008002080       0x28 ./Drivers/STM32F4xx_HAL_Driver/Src/stm32f4xx_hal_rcc.o
                0x0000000008002080                HAL_RCC_GetPCLK2Freq
 .text.HAL_RCC_GetSysClockFreq
                0x00000000080020a8      0x460 ./Drivers/STM32F4xx_HAL_Driver/Src/stm32f4xx_hal_rcc_ex.o
                0x00000000080020a8                HAL_RCC_GetSysClockFreq
 .text.HAL_RCC_OscConfig
                0x0000000008002508      0x53c ./Drivers/STM32F4xx_HAL_Driver/Src/stm32f4xx_hal_rcc_ex.o
                0x0000000008002508                HAL_RCC_OscConfig
 .text.HAL_TIM_Base_Init
                0x0000000008002a44       0x9e ./Drivers/STM32F4xx_HAL_Driver/Src/stm32f4xx_hal_tim.o
                0x0000000008002a44                HAL_TIM_Base_Init
 *fill*         0x0000000008002ae2        0x2 
 .text.HAL_TIM_Base_Start
                0x0000000008002ae4       0xd0 ./Drivers/STM32F4xx_HAL_Driver/Src/stm32f4xx_hal_tim.o
                0x0000000008002ae4                HAL_TIM_Base_Start
 .text.TIM_Base_SetConfig
                0x0000000008002bb4      0x140 ./Drivers/STM32F4xx_HAL_Driver/Src/stm32f4xx_hal_tim.o
                0x0000000008002bb4                TIM_Base_SetConfig
 .text.HAL_UART_Init
                0x0000000008002cf4       0x9a ./Drivers/STM32F4xx_HAL_Driver/Src/stm32f4xx_hal_uart.o
                0x0000000008002cf4                HAL_UART_Init
 .text.HAL_UART_Transmit
                0x0000000008002d8e      0x124 ./Drivers/STM32F4xx_HAL_Driver/Src/stm32f4xx_hal_uart.o
                0x0000000008002d8e                HAL_UART_Transmit
 .text.UART_WaitOnFlagUntilTimeout
                0x0000000008002eb2       0xdc ./Drivers/STM32F4xx_HAL_Driver/Src/stm32f4xx_hal_uart.o
 *fill*         0x0000000008002f8e        0x2 
 .text.UART_SetConfig
                0x0000000008002f90      0x4e8 ./Drivers/STM32F4xx_HAL_Driver/Src/stm32f4xx_hal_uart.o
 .text.sine_model_configure_activations
                0x0000000008003478       0x88 ./X-CUBE-AI/App/sine_model.o
 .text.sine_model_configure_weights
                0x0000000008003500       0xe8 ./X-CUBE-AI/App/sine_model.o
 .text.ai_sine_model_create
                0x00000000080035e8       0x2c ./X-CUBE-AI/App/sine_model.o
                0x00000000080035e8                ai_sine_model_create
 .text.ai_sine_model_init
                0x0000000008003614       0x7e ./X-CUBE-AI/App/sine_model.o
                0x0000000008003614                ai_sine_model_init
 .text.ai_sine_model_run
                0x0000000008003692       0x20 ./X-CUBE-AI/App/sine_model.o
                0x0000000008003692                ai_sine_model_run
 *fill*         0x00000000080036b2        0x2 
 .text.ai_sine_model_data_weights_get
                0x00000000080036b4       0x14 ./X-CUBE-AI/App/sine_model_data.o
                0x00000000080036b4                ai_sine_model_data_weights_get
 .text.unlikely._platform_network_state_setup.isra.1
                0x00000000080036c8       0x3e ../Middlewares/ST/AI/Lib\NetworkRuntime512_CM4_GCC.a(ai_platform_interface.o)
 *fill*         0x0000000008003706        0x2 
 .text.ai_platform_network_create
                0x0000000008003708       0xb0 ../Middlewares/ST/AI/Lib\NetworkRuntime512_CM4_GCC.a(ai_platform_interface.o)
                0x0000000008003708                ai_platform_network_create
 .text.ai_platform_network_init
                0x00000000080037b8       0xfc ../Middlewares/ST/AI/Lib\NetworkRuntime512_CM4_GCC.a(ai_platform_interface.o)
                0x00000000080037b8                ai_platform_network_init
 .text.ai_platform_network_post_init
                0x00000000080038b4       0x90 ../Middlewares/ST/AI/Lib\NetworkRuntime512_CM4_GCC.a(ai_platform_interface.o)
                0x00000000080038b4                ai_platform_network_post_init
 .text.ai_platform_network_process
                0x0000000008003944      0x414 ../Middlewares/ST/AI/Lib\NetworkRuntime512_CM4_GCC.a(ai_platform_interface.o)
                0x0000000008003944                ai_platform_network_process
 .text.core_init
                0x0000000008003d58        0x4 ../Middlewares/ST/AI/Lib\NetworkRuntime512_CM4_GCC.a(core_common.o)
                0x0000000008003d58                core_init
 .text.core_set_error
                0x0000000008003d5c       0x18 ../Middlewares/ST/AI/Lib\NetworkRuntime512_CM4_GCC.a(core_common.o)
                0x0000000008003d5c                core_set_error
 .text.ai_dict8_dot_array_f32
                0x0000000008003d74      0x19c ../Middlewares/ST/AI/Lib\NetworkRuntime512_CM4_GCC.a(layers_conv2d_generic_float.o)
                0x0000000008003d74                ai_dict8_dot_array_f32
 .text.ai_dict4_dot_array_f32
                0x0000000008003f10      0x17c ../Middlewares/ST/AI/Lib\NetworkRuntime512_CM4_GCC.a(layers_conv2d_generic_float.o)
                0x0000000008003f10                ai_dict4_dot_array_f32
 .text.forward_dense
                0x000000000800408c      0x450 ../Middlewares/ST/AI/Lib\NetworkRuntime512_CM4_GCC.a(layers_conv2d_generic_float.o)
                0x000000000800408c                forward_dense
 .text.nl_func_relu_generic_array_f32
                0x00000000080044dc       0xf8 ../Middlewares/ST/AI/Lib\NetworkRuntime512_CM4_GCC.a(layers_nl_generic_float.o)
                0x00000000080044dc                nl_func_relu_generic_array_f32
 .text.forward_relu
                0x00000000080045d4      0x120 ../Middlewares/ST/AI/Lib\NetworkRuntime512_CM4_GCC.a(layers_nl_generic_float.o)
                0x00000000080045d4                forward_relu
 .text.ai_check_custom_types
                0x00000000080046f4       0x54 ../Middlewares/ST/AI/Lib\NetworkRuntime512_CM4_GCC.a(layers.o)
                0x00000000080046f4                ai_check_custom_types
 .text.ai_layers_forward_all
                0x0000000008004748       0x74 ../Middlewares/ST/AI/Lib\NetworkRuntime512_CM4_GCC.a(layers.o)
                0x0000000008004748                ai_layers_forward_all
 .text.ai_array_to_buffer_fmt
                0x00000000080047bc       0x98 ../Middlewares/ST/AI/Lib\NetworkRuntime512_CM4_GCC.a(ai_datatypes_format.o)
                0x00000000080047bc                ai_array_to_buffer_fmt
 .text.ai_array_get_byte_size
                0x0000000008004854       0x44 ../Middlewares/ST/AI/Lib\NetworkRuntime512_CM4_GCC.a(ai_datatypes_format.o)
                0x0000000008004854                ai_array_get_byte_size
 .text.__errno  0x0000000008004898        0xc c:/st/stm32cubeide_1.10.1/stm32cubeide/plugins/com.st.stm32cube.ide.mcu.externaltools.gnu-tools-for-stm32.10.3-2021.10.win32_1.0.0.202111181127/tools/bin/../lib/gcc/arm-none-eabi/10.3.1/../../../../arm-none-eabi/lib/thumb/v7e-m+fp/hard\libc_nano.a(lib_a-errno.o)
                0x0000000008004898                __errno
 .text.__libc_init_array
                0x00000000080048a4       0x48 c:/st/stm32cubeide_1.10.1/stm32cubeide/plugins/com.st.stm32cube.ide.mcu.externaltools.gnu-tools-for-stm32.10.3-2021.10.win32_1.0.0.202111181127/tools/bin/../lib/gcc/arm-none-eabi/10.3.1/../../../../arm-none-eabi/lib/thumb/v7e-m+fp/hard\libc_nano.a(lib_a-init.o)
                0x00000000080048a4                __libc_init_array
 .text.malloc   0x00000000080048ec       0x10 c:/st/stm32cubeide_1.10.1/stm32cubeide/plugins/com.st.stm32cube.ide.mcu.externaltools.gnu-tools-for-stm32.10.3-2021.10.win32_1.0.0.202111181127/tools/bin/../lib/gcc/arm-none-eabi/10.3.1/../../../../arm-none-eabi/lib/thumb/v7e-m+fp/hard\libc_nano.a(lib_a-malloc.o)
                0x00000000080048ec                malloc
 .text.memcpy   0x00000000080048fc       0x1c c:/st/stm32cubeide_1.10.1/stm32cubeide/plugins/com.st.stm32cube.ide.mcu.externaltools.gnu-tools-for-stm32.10.3-2021.10.win32_1.0.0.202111181127/tools/bin/../lib/gcc/arm-none-eabi/10.3.1/../../../../arm-none-eabi/lib/thumb/v7e-m+fp/hard\libc_nano.a(lib_a-memcpy-stub.o)
                0x00000000080048fc                memcpy
 .text.memset   0x0000000008004918       0x10 c:/st/stm32cubeide_1.10.1/stm32cubeide/plugins/com.st.stm32cube.ide.mcu.externaltools.gnu-tools-for-stm32.10.3-2021.10.win32_1.0.0.202111181127/tools/bin/../lib/gcc/arm-none-eabi/10.3.1/../../../../arm-none-eabi/lib/thumb/v7e-m+fp/hard\libc_nano.a(lib_a-memset.o)
                0x0000000008004918                memset
 .text._free_r  0x0000000008004928       0x98 c:/st/stm32cubeide_1.10.1/stm32cubeide/plugins/com.st.stm32cube.ide.mcu.externaltools.gnu-tools-for-stm32.10.3-2021.10.win32_1.0.0.202111181127/tools/bin/../lib/gcc/arm-none-eabi/10.3.1/../../../../arm-none-eabi/lib/thumb/v7e-m+fp/hard\libc_nano.a(lib_a-nano-freer.o)
                0x0000000008004928                _free_r
 .text.sbrk_aligned
                0x00000000080049c0       0x40 c:/st/stm32cubeide_1.10.1/stm32cubeide/plugins/com.st.stm32cube.ide.mcu.externaltools.gnu-tools-for-stm32.10.3-2021.10.win32_1.0.0.202111181127/tools/bin/../lib/gcc/arm-none-eabi/10.3.1/../../../../arm-none-eabi/lib/thumb/v7e-m+fp/hard\libc_nano.a(lib_a-nano-mallocr.o)
 .text._malloc_r
                0x0000000008004a00       0xe8 c:/st/stm32cubeide_1.10.1/stm32cubeide/plugins/com.st.stm32cube.ide.mcu.externaltools.gnu-tools-for-stm32.10.3-2021.10.win32_1.0.0.202111181127/tools/bin/../lib/gcc/arm-none-eabi/10.3.1/../../../../arm-none-eabi/lib/thumb/v7e-m+fp/hard\libc_nano.a(lib_a-nano-mallocr.o)
                0x0000000008004a00                _malloc_r
 .text.__cvt    0x0000000008004ae8       0xc4 c:/st/stm32cubeide_1.10.1/stm32cubeide/plugins/com.st.stm32cube.ide.mcu.externaltools.gnu-tools-for-stm32.10.3-2021.10.win32_1.0.0.202111181127/tools/bin/../lib/gcc/arm-none-eabi/10.3.1/../../../../arm-none-eabi/lib/thumb/v7e-m+fp/hard\libc_nano.a(lib_a-nano-vfprintf_float.o)
                0x0000000008004ae8                __cvt
 .text.__exponent
                0x0000000008004bac       0x7c c:/st/stm32cubeide_1.10.1/stm32cubeide/plugins/com.st.stm32cube.ide.mcu.externaltools.gnu-tools-for-stm32.10.3-2021.10.win32_1.0.0.202111181127/tools/bin/../lib/gcc/arm-none-eabi/10.3.1/../../../../arm-none-eabi/lib/thumb/v7e-m+fp/hard\libc_nano.a(lib_a-nano-vfprintf_float.o)
                0x0000000008004bac                __exponent
 .text._printf_float
                0x0000000008004c28      0x46c c:/st/stm32cubeide_1.10.1/stm32cubeide/plugins/com.st.stm32cube.ide.mcu.externaltools.gnu-tools-for-stm32.10.3-2021.10.win32_1.0.0.202111181127/tools/bin/../lib/gcc/arm-none-eabi/10.3.1/../../../../arm-none-eabi/lib/thumb/v7e-m+fp/hard\libc_nano.a(lib_a-nano-vfprintf_float.o)
                0x0000000008004c28                _printf_float
 .text._printf_common
                0x0000000008005094       0xda c:/st/stm32cubeide_1.10.1/stm32cubeide/plugins/com.st.stm32cube.ide.mcu.externaltools.gnu-tools-for-stm32.10.3-2021.10.win32_1.0.0.202111181127/tools/bin/../lib/gcc/arm-none-eabi/10.3.1/../../../../arm-none-eabi/lib/thumb/v7e-m+fp/hard\libc_nano.a(lib_a-nano-vfprintf_i.o)
                0x0000000008005094                _printf_common
 *fill*         0x000000000800516e        0x2 
 .text._printf_i
                0x0000000008005170      0x24c c:/st/stm32cubeide_1.10.1/stm32cubeide/plugins/com.st.stm32cube.ide.mcu.externaltools.gnu-tools-for-stm32.10.3-2021.10.win32_1.0.0.202111181127/tools/bin/../lib/gcc/arm-none-eabi/10.3.1/../../../../arm-none-eabi/lib/thumb/v7e-m+fp/hard\libc_nano.a(lib_a-nano-vfprintf_i.o)
                0x0000000008005170                _printf_i
 .text._sbrk_r  0x00000000080053bc       0x20 c:/st/stm32cubeide_1.10.1/stm32cubeide/plugins/com.st.stm32cube.ide.mcu.externaltools.gnu-tools-for-stm32.10.3-2021.10.win32_1.0.0.202111181127/tools/bin/../lib/gcc/arm-none-eabi/10.3.1/../../../../arm-none-eabi/lib/thumb/v7e-m+fp/hard\libc_nano.a(lib_a-sbrkr.o)
                0x00000000080053bc                _sbrk_r
 .text.sprintf  0x00000000080053dc       0x40 c:/st/stm32cubeide_1.10.1/stm32cubeide/plugins/com.st.stm32cube.ide.mcu.externaltools.gnu-tools-for-stm32.10.3-2021.10.win32_1.0.0.202111181127/tools/bin/../lib/gcc/arm-none-eabi/10.3.1/../../../../arm-none-eabi/lib/thumb/v7e-m+fp/hard\libc_nano.a(lib_a-sprintf.o)
                0x00000000080053dc                siprintf
                0x00000000080053dc                sprintf
 .text.quorem   0x000000000800541c      0x116 c:/st/stm32cubeide_1.10.1/stm32cubeide/plugins/com.st.stm32cube.ide.mcu.externaltools.gnu-tools-for-stm32.10.3-2021.10.win32_1.0.0.202111181127/tools/bin/../lib/gcc/arm-none-eabi/10.3.1/../../../../arm-none-eabi/lib/thumb/v7e-m+fp/hard\libc_nano.a(lib_a-dtoa.o)
 *fill*         0x0000000008005532        0x6 
 .text._dtoa_r  0x0000000008005538      0xbdc c:/st/stm32cubeide_1.10.1/stm32cubeide/plugins/com.st.stm32cube.ide.mcu.externaltools.gnu-tools-for-stm32.10.3-2021.10.win32_1.0.0.202111181127/tools/bin/../lib/gcc/arm-none-eabi/10.3.1/../../../../arm-none-eabi/lib/thumb/v7e-m+fp/hard\libc_nano.a(lib_a-dtoa.o)
                0x0000000008005538                _dtoa_r
 .text._localeconv_r
                0x0000000008006114        0x8 c:/st/stm32cubeide_1.10.1/stm32cubeide/plugins/com.st.stm32cube.ide.mcu.externaltools.gnu-tools-for-stm32.10.3-2021.10.win32_1.0.0.202111181127/tools/bin/../lib/gcc/arm-none-eabi/10.3.1/../../../../arm-none-eabi/lib/thumb/v7e-m+fp/hard\libc_nano.a(lib_a-localeconv.o)
                0x0000000008006114                _localeconv_r
 .text.__malloc_lock
                0x000000000800611c        0xc c:/st/stm32cubeide_1.10.1/stm32cubeide/plugins/com.st.stm32cube.ide.mcu.externaltools.gnu-tools-for-stm32.10.3-2021.10.win32_1.0.0.202111181127/tools/bin/../lib/gcc/arm-none-eabi/10.3.1/../../../../arm-none-eabi/lib/thumb/v7e-m+fp/hard\libc_nano.a(lib_a-mlock.o)
                0x000000000800611c                __malloc_lock
 .text.__malloc_unlock
                0x0000000008006128        0xc c:/st/stm32cubeide_1.10.1/stm32cubeide/plugins/com.st.stm32cube.ide.mcu.externaltools.gnu-tools-for-stm32.10.3-2021.10.win32_1.0.0.202111181127/tools/bin/../lib/gcc/arm-none-eabi/10.3.1/../../../../arm-none-eabi/lib/thumb/v7e-m+fp/hard\libc_nano.a(lib_a-mlock.o)
                0x0000000008006128                __malloc_unlock
 .text._Balloc  0x0000000008006134       0x80 c:/st/stm32cubeide_1.10.1/stm32cubeide/plugins/com.st.stm32cube.ide.mcu.externaltools.gnu-tools-for-stm32.10.3-2021.10.win32_1.0.0.202111181127/tools/bin/../lib/gcc/arm-none-eabi/10.3.1/../../../../arm-none-eabi/lib/thumb/v7e-m+fp/hard\libc_nano.a(lib_a-mprec.o)
                0x0000000008006134                _Balloc
 .text._Bfree   0x00000000080061b4       0x44 c:/st/stm32cubeide_1.10.1/stm32cubeide/plugins/com.st.stm32cube.ide.mcu.externaltools.gnu-tools-for-stm32.10.3-2021.10.win32_1.0.0.202111181127/tools/bin/../lib/gcc/arm-none-eabi/10.3.1/../../../../arm-none-eabi/lib/thumb/v7e-m+fp/hard\libc_nano.a(lib_a-mprec.o)
                0x00000000080061b4                _Bfree
 .text.__multadd
                0x00000000080061f8       0x8c c:/st/stm32cubeide_1.10.1/stm32cubeide/plugins/com.st.stm32cube.ide.mcu.externaltools.gnu-tools-for-stm32.10.3-2021.10.win32_1.0.0.202111181127/tools/bin/../lib/gcc/arm-none-eabi/10.3.1/../../../../arm-none-eabi/lib/thumb/v7e-m+fp/hard\libc_nano.a(lib_a-mprec.o)
                0x00000000080061f8                __multadd
 .text.__hi0bits
                0x0000000008006284       0x40 c:/st/stm32cubeide_1.10.1/stm32cubeide/plugins/com.st.stm32cube.ide.mcu.externaltools.gnu-tools-for-stm32.10.3-2021.10.win32_1.0.0.202111181127/tools/bin/../lib/gcc/arm-none-eabi/10.3.1/../../../../arm-none-eabi/lib/thumb/v7e-m+fp/hard\libc_nano.a(lib_a-mprec.o)
                0x0000000008006284                __hi0bits
 .text.__lo0bits
                0x00000000080062c4       0x5e c:/st/stm32cubeide_1.10.1/stm32cubeide/plugins/com.st.stm32cube.ide.mcu.externaltools.gnu-tools-for-stm32.10.3-2021.10.win32_1.0.0.202111181127/tools/bin/../lib/gcc/arm-none-eabi/10.3.1/../../../../arm-none-eabi/lib/thumb/v7e-m+fp/hard\libc_nano.a(lib_a-mprec.o)
                0x00000000080062c4                __lo0bits
 *fill*         0x0000000008006322        0x2 
 .text.__i2b    0x0000000008006324       0x2c c:/st/stm32cubeide_1.10.1/stm32cubeide/plugins/com.st.stm32cube.ide.mcu.externaltools.gnu-tools-for-stm32.10.3-2021.10.win32_1.0.0.202111181127/tools/bin/../lib/gcc/arm-none-eabi/10.3.1/../../../../arm-none-eabi/lib/thumb/v7e-m+fp/hard\libc_nano.a(lib_a-mprec.o)
                0x0000000008006324                __i2b
 .text.__multiply
                0x0000000008006350      0x154 c:/st/stm32cubeide_1.10.1/stm32cubeide/plugins/com.st.stm32cube.ide.mcu.externaltools.gnu-tools-for-stm32.10.3-2021.10.win32_1.0.0.202111181127/tools/bin/../lib/gcc/arm-none-eabi/10.3.1/../../../../arm-none-eabi/lib/thumb/v7e-m+fp/hard\libc_nano.a(lib_a-mprec.o)
                0x0000000008006350                __multiply
 .text.__pow5mult
                0x00000000080064a4       0xb4 c:/st/stm32cubeide_1.10.1/stm32cubeide/plugins/com.st.stm32cube.ide.mcu.externaltools.gnu-tools-for-stm32.10.3-2021.10.win32_1.0.0.202111181127/tools/bin/../lib/gcc/arm-none-eabi/10.3.1/../../../../arm-none-eabi/lib/thumb/v7e-m+fp/hard\libc_nano.a(lib_a-mprec.o)
                0x00000000080064a4                __pow5mult
 .text.__lshift
                0x0000000008006558       0xe0 c:/st/stm32cubeide_1.10.1/stm32cubeide/plugins/com.st.stm32cube.ide.mcu.externaltools.gnu-tools-for-stm32.10.3-2021.10.win32_1.0.0.202111181127/tools/bin/../lib/gcc/arm-none-eabi/10.3.1/../../../../arm-none-eabi/lib/thumb/v7e-m+fp/hard\libc_nano.a(lib_a-mprec.o)
                0x0000000008006558                __lshift
 .text.__mcmp   0x0000000008006638       0x38 c:/st/stm32cubeide_1.10.1/stm32cubeide/plugins/com.st.stm32cube.ide.mcu.externaltools.gnu-tools-for-stm32.10.3-2021.10.win32_1.0.0.202111181127/tools/bin/../lib/gcc/arm-none-eabi/10.3.1/../../../../arm-none-eabi/lib/thumb/v7e-m+fp/hard\libc_nano.a(lib_a-mprec.o)
                0x0000000008006638                __mcmp
 .text.__mdiff  0x0000000008006670      0x114 c:/st/stm32cubeide_1.10.1/stm32cubeide/plugins/com.st.stm32cube.ide.mcu.externaltools.gnu-tools-for-stm32.10.3-2021.10.win32_1.0.0.202111181127/tools/bin/../lib/gcc/arm-none-eabi/10.3.1/../../../../arm-none-eabi/lib/thumb/v7e-m+fp/hard\libc_nano.a(lib_a-mprec.o)
                0x0000000008006670                __mdiff
 .text.__d2b    0x0000000008006784       0xb8 c:/st/stm32cubeide_1.10.1/stm32cubeide/plugins/com.st.stm32cube.ide.mcu.externaltools.gnu-tools-for-stm32.10.3-2021.10.win32_1.0.0.202111181127/tools/bin/../lib/gcc/arm-none-eabi/10.3.1/../../../../arm-none-eabi/lib/thumb/v7e-m+fp/hard\libc_nano.a(lib_a-mprec.o)
                0x0000000008006784                __d2b
 .text._calloc_r
                0x000000000800683c       0x2c c:/st/stm32cubeide_1.10.1/stm32cubeide/plugins/com.st.stm32cube.ide.mcu.externaltools.gnu-tools-for-stm32.10.3-2021.10.win32_1.0.0.202111181127/tools/bin/../lib/gcc/arm-none-eabi/10.3.1/../../../../arm-none-eabi/lib/thumb/v7e-m+fp/hard\libc_nano.a(lib_a-nano-callocr.o)
                0x000000000800683c                _calloc_r
 .text._realloc_r
                0x0000000008006868       0x5e c:/st/stm32cubeide_1.10.1/stm32cubeide/plugins/com.st.stm32cube.ide.mcu.externaltools.gnu-tools-for-stm32.10.3-2021.10.win32_1.0.0.202111181127/tools/bin/../lib/gcc/arm-none-eabi/10.3.1/../../../../arm-none-eabi/lib/thumb/v7e-m+fp/hard\libc_nano.a(lib_a-nano-reallocr.o)
                0x0000000008006868                _realloc_r
 .text.__ssputs_r
                0x00000000080068c6       0xb6 c:/st/stm32cubeide_1.10.1/stm32cubeide/plugins/com.st.stm32cube.ide.mcu.externaltools.gnu-tools-for-stm32.10.3-2021.10.win32_1.0.0.202111181127/tools/bin/../lib/gcc/arm-none-eabi/10.3.1/../../../../arm-none-eabi/lib/thumb/v7e-m+fp/hard\libc_nano.a(lib_a-nano-svfprintf.o)
                0x00000000080068c6                __ssputs_r
 .text._svfprintf_r
                0x000000000800697c      0x200 c:/st/stm32cubeide_1.10.1/stm32cubeide/plugins/com.st.stm32cube.ide.mcu.externaltools.gnu-tools-for-stm32.10.3-2021.10.win32_1.0.0.202111181127/tools/bin/../lib/gcc/arm-none-eabi/10.3.1/../../../../arm-none-eabi/lib/thumb/v7e-m+fp/hard\libc_nano.a(lib_a-nano-svfprintf.o)
                0x000000000800697c                _svfiprintf_r
                0x000000000800697c                _svfprintf_r
 .text.__assert_func
                0x0000000008006b7c       0x3c c:/st/stm32cubeide_1.10.1/stm32cubeide/plugins/com.st.stm32cube.ide.mcu.externaltools.gnu-tools-for-stm32.10.3-2021.10.win32_1.0.0.202111181127/tools/bin/../lib/gcc/arm-none-eabi/10.3.1/../../../../arm-none-eabi/lib/thumb/v7e-m+fp/hard\libc_nano.a(lib_a-assert.o)
                0x0000000008006b7c                __assert_func
 .text.fprintf  0x0000000008006bb8       0x24 c:/st/stm32cubeide_1.10.1/stm32cubeide/plugins/com.st.stm32cube.ide.mcu.externaltools.gnu-tools-for-stm32.10.3-2021.10.win32_1.0.0.202111181127/tools/bin/../lib/gcc/arm-none-eabi/10.3.1/../../../../arm-none-eabi/lib/thumb/v7e-m+fp/hard\libc_nano.a(lib_a-fprintf.o)
                0x0000000008006bb8                fiprintf
                0x0000000008006bb8                fprintf
 .text.__retarget_lock_init_recursive
                0x0000000008006bdc        0x2 c:/st/stm32cubeide_1.10.1/stm32cubeide/plugins/com.st.stm32cube.ide.mcu.externaltools.gnu-tools-for-stm32.10.3-2021.10.win32_1.0.0.202111181127/tools/bin/../lib/gcc/arm-none-eabi/10.3.1/../../../../arm-none-eabi/lib/thumb/v7e-m+fp/hard\libc_nano.a(lib_a-lock.o)
                0x0000000008006bdc                __retarget_lock_init_recursive
 .text.__retarget_lock_acquire_recursive
                0x0000000008006bde        0x2 c:/st/stm32cubeide_1.10.1/stm32cubeide/plugins/com.st.stm32cube.ide.mcu.externaltools.gnu-tools-for-stm32.10.3-2021.10.win32_1.0.0.202111181127/tools/bin/../lib/gcc/arm-none-eabi/10.3.1/../../../../arm-none-eabi/lib/thumb/v7e-m+fp/hard\libc_nano.a(lib_a-lock.o)
                0x0000000008006bde                __retarget_lock_acquire_recursive
 .text.__retarget_lock_release_recursive
                0x0000000008006be0        0x2 c:/st/stm32cubeide_1.10.1/stm32cubeide/plugins/com.st.stm32cube.ide.mcu.externaltools.gnu-tools-for-stm32.10.3-2021.10.win32_1.0.0.202111181127/tools/bin/../lib/gcc/arm-none-eabi/10.3.1/../../../../arm-none-eabi/lib/thumb/v7e-m+fp/hard\libc_nano.a(lib_a-lock.o)
                0x0000000008006be0                __retarget_lock_release_recursive
 .text.__ascii_mbtowc
                0x0000000008006be2       0x24 c:/st/stm32cubeide_1.10.1/stm32cubeide/plugins/com.st.stm32cube.ide.mcu.externaltools.gnu-tools-for-stm32.10.3-2021.10.win32_1.0.0.202111181127/tools/bin/../lib/gcc/arm-none-eabi/10.3.1/../../../../arm-none-eabi/lib/thumb/v7e-m+fp/hard\libc_nano.a(lib_a-mbtowc_r.o)
                0x0000000008006be2                __ascii_mbtowc
 .text.memmove  0x0000000008006c06       0x34 c:/st/stm32cubeide_1.10.1/stm32cubeide/plugins/com.st.stm32cube.ide.mcu.externaltools.gnu-tools-for-stm32.10.3-2021.10.win32_1.0.0.202111181127/tools/bin/../lib/gcc/arm-none-eabi/10.3.1/../../../../arm-none-eabi/lib/thumb/v7e-m+fp/hard\libc_nano.a(lib_a-memmove.o)
                0x0000000008006c06                memmove
 .text._malloc_usable_size_r
                0x0000000008006c3a       0x10 c:/st/stm32cubeide_1.10.1/stm32cubeide/plugins/com.st.stm32cube.ide.mcu.externaltools.gnu-tools-for-stm32.10.3-2021.10.win32_1.0.0.202111181127/tools/bin/../lib/gcc/arm-none-eabi/10.3.1/../../../../arm-none-eabi/lib/thumb/v7e-m+fp/hard\libc_nano.a(lib_a-nano-msizer.o)
                0x0000000008006c3a                _malloc_usable_size_r
 .text.__sfputc_r
                0x0000000008006c4a       0x2e c:/st/stm32cubeide_1.10.1/stm32cubeide/plugins/com.st.stm32cube.ide.mcu.externaltools.gnu-tools-for-stm32.10.3-2021.10.win32_1.0.0.202111181127/tools/bin/../lib/gcc/arm-none-eabi/10.3.1/../../../../arm-none-eabi/lib/thumb/v7e-m+fp/hard\libc_nano.a(lib_a-nano-vfprintf.o)
 .text.__sfputs_r
                0x0000000008006c78       0x24 c:/st/stm32cubeide_1.10.1/stm32cubeide/plugins/com.st.stm32cube.ide.mcu.externaltools.gnu-tools-for-stm32.10.3-2021.10.win32_1.0.0.202111181127/tools/bin/../lib/gcc/arm-none-eabi/10.3.1/../../../../arm-none-eabi/lib/thumb/v7e-m+fp/hard\libc_nano.a(lib_a-nano-vfprintf.o)
                0x0000000008006c78                __sfputs_r
 .text._vfprintf_r
                0x0000000008006c9c      0x260 c:/st/stm32cubeide_1.10.1/stm32cubeide/plugins/com.st.stm32cube.ide.mcu.externaltools.gnu-tools-for-stm32.10.3-2021.10.win32_1.0.0.202111181127/tools/bin/../lib/gcc/arm-none-eabi/10.3.1/../../../../arm-none-eabi/lib/thumb/v7e-m+fp/hard\libc_nano.a(lib_a-nano-vfprintf.o)
                0x0000000008006c9c                _vfprintf_r
                0x0000000008006c9c                _vfiprintf_r
 .text.__swbuf_r
                0x0000000008006efc       0xa4 c:/st/stm32cubeide_1.10.1/stm32cubeide/plugins/com.st.stm32cube.ide.mcu.externaltools.gnu-tools-for-stm32.10.3-2021.10.win32_1.0.0.202111181127/tools/bin/../lib/gcc/arm-none-eabi/10.3.1/../../../../arm-none-eabi/lib/thumb/v7e-m+fp/hard\libc_nano.a(lib_a-wbuf.o)
                0x0000000008006efc                __swbuf_r
 .text.__ascii_wctomb
                0x0000000008006fa0       0x1a c:/st/stm32cubeide_1.10.1/stm32cubeide/plugins/com.st.stm32cube.ide.mcu.externaltools.gnu-tools-for-stm32.10.3-2021.10.win32_1.0.0.202111181127/tools/bin/../lib/gcc/arm-none-eabi/10.3.1/../../../../arm-none-eabi/lib/thumb/v7e-m+fp/hard\libc_nano.a(lib_a-wctomb_r.o)
                0x0000000008006fa0                __ascii_wctomb
 *fill*         0x0000000008006fba        0x2 
 .text.__swsetup_r
                0x0000000008006fbc       0xdc c:/st/stm32cubeide_1.10.1/stm32cubeide/plugins/com.st.stm32cube.ide.mcu.externaltools.gnu-tools-for-stm32.10.3-2021.10.win32_1.0.0.202111181127/tools/bin/../lib/gcc/arm-none-eabi/10.3.1/../../../../arm-none-eabi/lib/thumb/v7e-m+fp/hard\libc_nano.a(lib_a-wsetup.o)
                0x0000000008006fbc                __swsetup_r
 .text.abort    0x0000000008007098        0xe c:/st/stm32cubeide_1.10.1/stm32cubeide/plugins/com.st.stm32cube.ide.mcu.externaltools.gnu-tools-for-stm32.10.3-2021.10.win32_1.0.0.202111181127/tools/bin/../lib/gcc/arm-none-eabi/10.3.1/../../../../arm-none-eabi/lib/thumb/v7e-m+fp/hard\libc_nano.a(lib_a-abort.o)
                0x0000000008007098                abort
 *fill*         0x00000000080070a6        0x2 
 .text.__sflush_r
                0x00000000080070a8      0x10c c:/st/stm32cubeide_1.10.1/stm32cubeide/plugins/com.st.stm32cube.ide.mcu.externaltools.gnu-tools-for-stm32.10.3-2021.10.win32_1.0.0.202111181127/tools/bin/../lib/gcc/arm-none-eabi/10.3.1/../../../../arm-none-eabi/lib/thumb/v7e-m+fp/hard\libc_nano.a(lib_a-fflush.o)
                0x00000000080070a8                __sflush_r
 .text._fflush_r
                0x00000000080071b4       0x78 c:/st/stm32cubeide_1.10.1/stm32cubeide/plugins/com.st.stm32cube.ide.mcu.externaltools.gnu-tools-for-stm32.10.3-2021.10.win32_1.0.0.202111181127/tools/bin/../lib/gcc/arm-none-eabi/10.3.1/../../../../arm-none-eabi/lib/thumb/v7e-m+fp/hard\libc_nano.a(lib_a-fflush.o)
                0x00000000080071b4                _fflush_r
 .text.std      0x000000000800722c       0x48 c:/st/stm32cubeide_1.10.1/stm32cubeide/plugins/com.st.stm32cube.ide.mcu.externaltools.gnu-tools-for-stm32.10.3-2021.10.win32_1.0.0.202111181127/tools/bin/../lib/gcc/arm-none-eabi/10.3.1/../../../../arm-none-eabi/lib/thumb/v7e-m+fp/hard\libc_nano.a(lib_a-findfp.o)
 .text._cleanup_r
                0x0000000008007274        0xc c:/st/stm32cubeide_1.10.1/stm32cubeide/plugins/com.st.stm32cube.ide.mcu.externaltools.gnu-tools-for-stm32.10.3-2021.10.win32_1.0.0.202111181127/tools/bin/../lib/gcc/arm-none-eabi/10.3.1/../../../../arm-none-eabi/lib/thumb/v7e-m+fp/hard\libc_nano.a(lib_a-findfp.o)
                0x0000000008007274                _cleanup_r
 .text.__sfmoreglue
                0x0000000008007280       0x2c c:/st/stm32cubeide_1.10.1/stm32cubeide/plugins/com.st.stm32cube.ide.mcu.externaltools.gnu-tools-for-stm32.10.3-2021.10.win32_1.0.0.202111181127/tools/bin/../lib/gcc/arm-none-eabi/10.3.1/../../../../arm-none-eabi/lib/thumb/v7e-m+fp/hard\libc_nano.a(lib_a-findfp.o)
                0x0000000008007280                __sfmoreglue
 .text.__sfp_lock_acquire
                0x00000000080072ac        0xc c:/st/stm32cubeide_1.10.1/stm32cubeide/plugins/com.st.stm32cube.ide.mcu.externaltools.gnu-tools-for-stm32.10.3-2021.10.win32_1.0.0.202111181127/tools/bin/../lib/gcc/arm-none-eabi/10.3.1/../../../../arm-none-eabi/lib/thumb/v7e-m+fp/hard\libc_nano.a(lib_a-findfp.o)
                0x00000000080072ac                __sfp_lock_acquire
 .text.__sfp_lock_release
                0x00000000080072b8        0xc c:/st/stm32cubeide_1.10.1/stm32cubeide/plugins/com.st.stm32cube.ide.mcu.externaltools.gnu-tools-for-stm32.10.3-2021.10.win32_1.0.0.202111181127/tools/bin/../lib/gcc/arm-none-eabi/10.3.1/../../../../arm-none-eabi/lib/thumb/v7e-m+fp/hard\libc_nano.a(lib_a-findfp.o)
                0x00000000080072b8                __sfp_lock_release
 .text.__sinit_lock_acquire
                0x00000000080072c4        0xc c:/st/stm32cubeide_1.10.1/stm32cubeide/plugins/com.st.stm32cube.ide.mcu.externaltools.gnu-tools-for-stm32.10.3-2021.10.win32_1.0.0.202111181127/tools/bin/../lib/gcc/arm-none-eabi/10.3.1/../../../../arm-none-eabi/lib/thumb/v7e-m+fp/hard\libc_nano.a(lib_a-findfp.o)
                0x00000000080072c4                __sinit_lock_acquire
 .text.__sinit_lock_release
                0x00000000080072d0        0xc c:/st/stm32cubeide_1.10.1/stm32cubeide/plugins/com.st.stm32cube.ide.mcu.externaltools.gnu-tools-for-stm32.10.3-2021.10.win32_1.0.0.202111181127/tools/bin/../lib/gcc/arm-none-eabi/10.3.1/../../../../arm-none-eabi/lib/thumb/v7e-m+fp/hard\libc_nano.a(lib_a-findfp.o)
                0x00000000080072d0                __sinit_lock_release
 .text.__sinit  0x00000000080072dc       0x70 c:/st/stm32cubeide_1.10.1/stm32cubeide/plugins/com.st.stm32cube.ide.mcu.externaltools.gnu-tools-for-stm32.10.3-2021.10.win32_1.0.0.202111181127/tools/bin/../lib/gcc/arm-none-eabi/10.3.1/../../../../arm-none-eabi/lib/thumb/v7e-m+fp/hard\libc_nano.a(lib_a-findfp.o)
                0x00000000080072dc                __sinit
 .text.__sfp    0x000000000800734c       0x8c c:/st/stm32cubeide_1.10.1/stm32cubeide/plugins/com.st.stm32cube.ide.mcu.externaltools.gnu-tools-for-stm32.10.3-2021.10.win32_1.0.0.202111181127/tools/bin/../lib/gcc/arm-none-eabi/10.3.1/../../../../arm-none-eabi/lib/thumb/v7e-m+fp/hard\libc_nano.a(lib_a-findfp.o)
                0x000000000800734c                __sfp
 .text._fwalk_reent
                0x00000000080073d8       0x3e c:/st/stm32cubeide_1.10.1/stm32cubeide/plugins/com.st.stm32cube.ide.mcu.externaltools.gnu-tools-for-stm32.10.3-2021.10.win32_1.0.0.202111181127/tools/bin/../lib/gcc/arm-none-eabi/10.3.1/../../../../arm-none-eabi/lib/thumb/v7e-m+fp/hard\libc_nano.a(lib_a-fwalk.o)
                0x00000000080073d8                _fwalk_reent
 .text.__swhatbuf_r
                0x0000000008007416       0x4a c:/st/stm32cubeide_1.10.1/stm32cubeide/plugins/com.st.stm32cube.ide.mcu.externaltools.gnu-tools-for-stm32.10.3-2021.10.win32_1.0.0.202111181127/tools/bin/../lib/gcc/arm-none-eabi/10.3.1/../../../../arm-none-eabi/lib/thumb/v7e-m+fp/hard\libc_nano.a(lib_a-makebuf.o)
                0x0000000008007416                __swhatbuf_r
 .text.__smakebuf_r
                0x0000000008007460       0x80 c:/st/stm32cubeide_1.10.1/stm32cubeide/plugins/com.st.stm32cube.ide.mcu.externaltools.gnu-tools-for-stm32.10.3-2021.10.win32_1.0.0.202111181127/tools/bin/../lib/gcc/arm-none-eabi/10.3.1/../../../../arm-none-eabi/lib/thumb/v7e-m+fp/hard\libc_nano.a(lib_a-makebuf.o)
                0x0000000008007460                __smakebuf_r
 .text._raise_r
                0x00000000080074e0       0x50 c:/st/stm32cubeide_1.10.1/stm32cubeide/plugins/com.st.stm32cube.ide.mcu.externaltools.gnu-tools-for-stm32.10.3-2021.10.win32_1.0.0.202111181127/tools/bin/../lib/gcc/arm-none-eabi/10.3.1/../../../../arm-none-eabi/lib/thumb/v7e-m+fp/hard\libc_nano.a(lib_a-signal.o)
                0x00000000080074e0                _raise_r
 .text.raise    0x0000000008007530       0x10 c:/st/stm32cubeide_1.10.1/stm32cubeide/plugins/com.st.stm32cube.ide.mcu.externaltools.gnu-tools-for-stm32.10.3-2021.10.win32_1.0.0.202111181127/tools/bin/../lib/gcc/arm-none-eabi/10.3.1/../../../../arm-none-eabi/lib/thumb/v7e-m+fp/hard\libc_nano.a(lib_a-signal.o)
                0x0000000008007530                raise
 .text._kill_r  0x0000000008007540       0x24 c:/st/stm32cubeide_1.10.1/stm32cubeide/plugins/com.st.stm32cube.ide.mcu.externaltools.gnu-tools-for-stm32.10.3-2021.10.win32_1.0.0.202111181127/tools/bin/../lib/gcc/arm-none-eabi/10.3.1/../../../../arm-none-eabi/lib/thumb/v7e-m+fp/hard\libc_nano.a(lib_a-signalr.o)
                0x0000000008007540                _kill_r
 .text._getpid_r
                0x0000000008007564        0x4 c:/st/stm32cubeide_1.10.1/stm32cubeide/plugins/com.st.stm32cube.ide.mcu.externaltools.gnu-tools-for-stm32.10.3-2021.10.win32_1.0.0.202111181127/tools/bin/../lib/gcc/arm-none-eabi/10.3.1/../../../../arm-none-eabi/lib/thumb/v7e-m+fp/hard\libc_nano.a(lib_a-signalr.o)
                0x0000000008007564                _getpid_r
 .text.__sread  0x0000000008007568       0x22 c:/st/stm32cubeide_1.10.1/stm32cubeide/plugins/com.st.stm32cube.ide.mcu.externaltools.gnu-tools-for-stm32.10.3-2021.10.win32_1.0.0.202111181127/tools/bin/../lib/gcc/arm-none-eabi/10.3.1/../../../../arm-none-eabi/lib/thumb/v7e-m+fp/hard\libc_nano.a(lib_a-stdio.o)
                0x0000000008007568                __sread
 .text.__swrite
                0x000000000800758a       0x38 c:/st/stm32cubeide_1.10.1/stm32cubeide/plugins/com.st.stm32cube.ide.mcu.externaltools.gnu-tools-for-stm32.10.3-2021.10.win32_1.0.0.202111181127/tools/bin/../lib/gcc/arm-none-eabi/10.3.1/../../../../arm-none-eabi/lib/thumb/v7e-m+fp/hard\libc_nano.a(lib_a-stdio.o)
                0x000000000800758a                __swrite
 .text.__sseek  0x00000000080075c2       0x24 c:/st/stm32cubeide_1.10.1/stm32cubeide/plugins/com.st.stm32cube.ide.mcu.externaltools.gnu-tools-for-stm32.10.3-2021.10.win32_1.0.0.202111181127/tools/bin/../lib/gcc/arm-none-eabi/10.3.1/../../../../arm-none-eabi/lib/thumb/v7e-m+fp/hard\libc_nano.a(lib_a-stdio.o)
                0x00000000080075c2                __sseek
 .text.__sclose
                0x00000000080075e6        0x8 c:/st/stm32cubeide_1.10.1/stm32cubeide/plugins/com.st.stm32cube.ide.mcu.externaltools.gnu-tools-for-stm32.10.3-2021.10.win32_1.0.0.202111181127/tools/bin/../lib/gcc/arm-none-eabi/10.3.1/../../../../arm-none-eabi/lib/thumb/v7e-m+fp/hard\libc_nano.a(lib_a-stdio.o)
                0x00000000080075e6                __sclose
 *fill*         0x00000000080075ee        0x2 
 .text._write_r
                0x00000000080075f0       0x24 c:/st/stm32cubeide_1.10.1/stm32cubeide/plugins/com.st.stm32cube.ide.mcu.externaltools.gnu-tools-for-stm32.10.3-2021.10.win32_1.0.0.202111181127/tools/bin/../lib/gcc/arm-none-eabi/10.3.1/../../../../arm-none-eabi/lib/thumb/v7e-m+fp/hard\libc_nano.a(lib_a-writer.o)
                0x00000000080075f0                _write_r
 .text._close_r
                0x0000000008007614       0x20 c:/st/stm32cubeide_1.10.1/stm32cubeide/plugins/com.st.stm32cube.ide.mcu.externaltools.gnu-tools-for-stm32.10.3-2021.10.win32_1.0.0.202111181127/tools/bin/../lib/gcc/arm-none-eabi/10.3.1/../../../../arm-none-eabi/lib/thumb/v7e-m+fp/hard\libc_nano.a(lib_a-closer.o)
                0x0000000008007614                _close_r
 .text._fstat_r
                0x0000000008007634       0x24 c:/st/stm32cubeide_1.10.1/stm32cubeide/plugins/com.st.stm32cube.ide.mcu.externaltools.gnu-tools-for-stm32.10.3-2021.10.win32_1.0.0.202111181127/tools/bin/../lib/gcc/arm-none-eabi/10.3.1/../../../../arm-none-eabi/lib/thumb/v7e-m+fp/hard\libc_nano.a(lib_a-fstatr.o)
                0x0000000008007634                _fstat_r
 .text._isatty_r
                0x0000000008007658       0x20 c:/st/stm32cubeide_1.10.1/stm32cubeide/plugins/com.st.stm32cube.ide.mcu.externaltools.gnu-tools-for-stm32.10.3-2021.10.win32_1.0.0.202111181127/tools/bin/../lib/gcc/arm-none-eabi/10.3.1/../../../../arm-none-eabi/lib/thumb/v7e-m+fp/hard\libc_nano.a(lib_a-isattyr.o)
                0x0000000008007658                _isatty_r
 .text._lseek_r
                0x0000000008007678       0x24 c:/st/stm32cubeide_1.10.1/stm32cubeide/plugins/com.st.stm32cube.ide.mcu.externaltools.gnu-tools-for-stm32.10.3-2021.10.win32_1.0.0.202111181127/tools/bin/../lib/gcc/arm-none-eabi/10.3.1/../../../../arm-none-eabi/lib/thumb/v7e-m+fp/hard\libc_nano.a(lib_a-lseekr.o)
                0x0000000008007678                _lseek_r
 .text._read_r  0x000000000800769c       0x24 c:/st/stm32cubeide_1.10.1/stm32cubeide/plugins/com.st.stm32cube.ide.mcu.externaltools.gnu-tools-for-stm32.10.3-2021.10.win32_1.0.0.202111181127/tools/bin/../lib/gcc/arm-none-eabi/10.3.1/../../../../arm-none-eabi/lib/thumb/v7e-m+fp/hard\libc_nano.a(lib_a-readr.o)
                0x000000000800769c                _read_r
 *(.glue_7)
 .glue_7        0x00000000080076c0        0x0 linker stubs
 *(.glue_7t)
 .glue_7t       0x00000000080076c0        0x0 linker stubs
 *(.eh_frame)
 .eh_frame      0x00000000080076c0        0x0 c:/st/stm32cubeide_1.10.1/stm32cubeide/plugins/com.st.stm32cube.ide.mcu.externaltools.gnu-tools-for-stm32.10.3-2021.10.win32_1.0.0.202111181127/tools/bin/../lib/gcc/arm-none-eabi/10.3.1/thumb/v7e-m+fp/hard/crtbegin.o
 *(.init)
 .init          0x00000000080076c0        0x4 c:/st/stm32cubeide_1.10.1/stm32cubeide/plugins/com.st.stm32cube.ide.mcu.externaltools.gnu-tools-for-stm32.10.3-2021.10.win32_1.0.0.202111181127/tools/bin/../lib/gcc/arm-none-eabi/10.3.1/thumb/v7e-m+fp/hard/crti.o
                0x00000000080076c0                _init
 .init          0x00000000080076c4        0x8 c:/st/stm32cubeide_1.10.1/stm32cubeide/plugins/com.st.stm32cube.ide.mcu.externaltools.gnu-tools-for-stm32.10.3-2021.10.win32_1.0.0.202111181127/tools/bin/../lib/gcc/arm-none-eabi/10.3.1/thumb/v7e-m+fp/hard/crtn.o
 *(.fini)
 .fini          0x00000000080076cc        0x4 c:/st/stm32cubeide_1.10.1/stm32cubeide/plugins/com.st.stm32cube.ide.mcu.externaltools.gnu-tools-for-stm32.10.3-2021.10.win32_1.0.0.202111181127/tools/bin/../lib/gcc/arm-none-eabi/10.3.1/thumb/v7e-m+fp/hard/crti.o
                0x00000000080076cc                _fini
 .fini          0x00000000080076d0        0x8 c:/st/stm32cubeide_1.10.1/stm32cubeide/plugins/com.st.stm32cube.ide.mcu.externaltools.gnu-tools-for-stm32.10.3-2021.10.win32_1.0.0.202111181127/tools/bin/../lib/gcc/arm-none-eabi/10.3.1/thumb/v7e-m+fp/hard/crtn.o
                0x00000000080076d8                . = ALIGN (0x4)
                0x00000000080076d8                _etext = .

.vfp11_veneer   0x00000000080076d8        0x0
 .vfp11_veneer  0x00000000080076d8        0x0 linker stubs

.v4_bx          0x00000000080076d8        0x0
 .v4_bx         0x00000000080076d8        0x0 linker stubs

.iplt           0x00000000080076d8        0x0
 .iplt          0x00000000080076d8        0x0 c:/st/stm32cubeide_1.10.1/stm32cubeide/plugins/com.st.stm32cube.ide.mcu.externaltools.gnu-tools-for-stm32.10.3-2021.10.win32_1.0.0.202111181127/tools/bin/../lib/gcc/arm-none-eabi/10.3.1/thumb/v7e-m+fp/hard/crtbegin.o

.rodata         0x00000000080076d8      0x9e4
                0x00000000080076d8                . = ALIGN (0x4)
 *(.rodata)
 .rodata        0x00000000080076d8       0xc4 ./Core/Src/main.o
 .rodata        0x000000000800779c        0x4 ../Middlewares/ST/AI/Lib\NetworkRuntime512_CM4_GCC.a(layers.o)
 *(.rodata*)
 .rodata.AHBPrescTable
                0x00000000080077a0       0x10 ./Core/Src/system_stm32f4xx.o
                0x00000000080077a0                AHBPrescTable
 .rodata.APBPrescTable
                0x00000000080077b0        0x8 ./Core/Src/system_stm32f4xx.o
                0x00000000080077b0                APBPrescTable
 .rodata.dense_0_chain
                0x00000000080077b8        0x8 ./X-CUBE-AI/App/sine_model.o
 .rodata.nl_0_chain
                0x00000000080077c0        0x8 ./X-CUBE-AI/App/sine_model.o
 .rodata.dense_1_chain
                0x00000000080077c8        0x8 ./X-CUBE-AI/App/sine_model.o
 .rodata.nl_1_chain
                0x00000000080077d0        0x8 ./X-CUBE-AI/App/sine_model.o
 .rodata.dense_2_chain
                0x00000000080077d8        0x8 ./X-CUBE-AI/App/sine_model.o
 .rodata.s_sine_model_weights.0
                0x00000000080077e0      0x504 ./X-CUBE-AI/App/sine_model_data.o
 .rodata._global_impure_ptr
                0x0000000008007ce4        0x4 c:/st/stm32cubeide_1.10.1/stm32cubeide/plugins/com.st.stm32cube.ide.mcu.externaltools.gnu-tools-for-stm32.10.3-2021.10.win32_1.0.0.202111181127/tools/bin/../lib/gcc/arm-none-eabi/10.3.1/../../../../arm-none-eabi/lib/thumb/v7e-m+fp/hard\libc_nano.a(lib_a-impure.o)
                0x0000000008007ce4                _global_impure_ptr
 .rodata._printf_float.str1.1
                0x0000000008007ce8       0x12 c:/st/stm32cubeide_1.10.1/stm32cubeide/plugins/com.st.stm32cube.ide.mcu.externaltools.gnu-tools-for-stm32.10.3-2021.10.win32_1.0.0.202111181127/tools/bin/../lib/gcc/arm-none-eabi/10.3.1/../../../../arm-none-eabi/lib/thumb/v7e-m+fp/hard\libc_nano.a(lib_a-nano-vfprintf_float.o)
 .rodata._printf_i.str1.1
                0x0000000008007cfa       0x22 c:/st/stm32cubeide_1.10.1/stm32cubeide/plugins/com.st.stm32cube.ide.mcu.externaltools.gnu-tools-for-stm32.10.3-2021.10.win32_1.0.0.202111181127/tools/bin/../lib/gcc/arm-none-eabi/10.3.1/../../../../arm-none-eabi/lib/thumb/v7e-m+fp/hard\libc_nano.a(lib_a-nano-vfprintf_i.o)
 .rodata._dtoa_r.str1.1
                0x0000000008007d1c       0x90 c:/st/stm32cubeide_1.10.1/stm32cubeide/plugins/com.st.stm32cube.ide.mcu.externaltools.gnu-tools-for-stm32.10.3-2021.10.win32_1.0.0.202111181127/tools/bin/../lib/gcc/arm-none-eabi/10.3.1/../../../../arm-none-eabi/lib/thumb/v7e-m+fp/hard\libc_nano.a(lib_a-dtoa.o)
                                         0x92 (size before relaxing)
 .rodata._Balloc.str1.1
                0x0000000008007dac       0x5c c:/st/stm32cubeide_1.10.1/stm32cubeide/plugins/com.st.stm32cube.ide.mcu.externaltools.gnu-tools-for-stm32.10.3-2021.10.win32_1.0.0.202111181127/tools/bin/../lib/gcc/arm-none-eabi/10.3.1/../../../../arm-none-eabi/lib/thumb/v7e-m+fp/hard\libc_nano.a(lib_a-mprec.o)
                                         0x73 (size before relaxing)
 .rodata.__multadd.str1.1
                0x0000000008007e08       0x11 c:/st/stm32cubeide_1.10.1/stm32cubeide/plugins/com.st.stm32cube.ide.mcu.externaltools.gnu-tools-for-stm32.10.3-2021.10.win32_1.0.0.202111181127/tools/bin/../lib/gcc/arm-none-eabi/10.3.1/../../../../arm-none-eabi/lib/thumb/v7e-m+fp/hard\libc_nano.a(lib_a-mprec.o)
 .rodata.__mprec_bigtens
                0x0000000008007e08       0x28 c:/st/stm32cubeide_1.10.1/stm32cubeide/plugins/com.st.stm32cube.ide.mcu.externaltools.gnu-tools-for-stm32.10.3-2021.10.win32_1.0.0.202111181127/tools/bin/../lib/gcc/arm-none-eabi/10.3.1/../../../../arm-none-eabi/lib/thumb/v7e-m+fp/hard\libc_nano.a(lib_a-mprec.o)
                0x0000000008007e08                __mprec_bigtens
 .rodata.__mprec_tens
                0x0000000008007e30       0xc8 c:/st/stm32cubeide_1.10.1/stm32cubeide/plugins/com.st.stm32cube.ide.mcu.externaltools.gnu-tools-for-stm32.10.3-2021.10.win32_1.0.0.202111181127/tools/bin/../lib/gcc/arm-none-eabi/10.3.1/../../../../arm-none-eabi/lib/thumb/v7e-m+fp/hard\libc_nano.a(lib_a-mprec.o)
                0x0000000008007e30                __mprec_tens
 .rodata.p05.0  0x0000000008007ef8        0xc c:/st/stm32cubeide_1.10.1/stm32cubeide/plugins/com.st.stm32cube.ide.mcu.externaltools.gnu-tools-for-stm32.10.3-2021.10.win32_1.0.0.202111181127/tools/bin/../lib/gcc/arm-none-eabi/10.3.1/../../../../arm-none-eabi/lib/thumb/v7e-m+fp/hard\libc_nano.a(lib_a-mprec.o)
 .rodata._svfprintf_r.str1.1
                0x0000000008007f04       0x11 c:/st/stm32cubeide_1.10.1/stm32cubeide/plugins/com.st.stm32cube.ide.mcu.externaltools.gnu-tools-for-stm32.10.3-2021.10.win32_1.0.0.202111181127/tools/bin/../lib/gcc/arm-none-eabi/10.3.1/../../../../arm-none-eabi/lib/thumb/v7e-m+fp/hard\libc_nano.a(lib_a-nano-svfprintf.o)
 .rodata.__assert_func.str1.1
                0x0000000008007f15       0x3c c:/st/stm32cubeide_1.10.1/stm32cubeide/plugins/com.st.stm32cube.ide.mcu.externaltools.gnu-tools-for-stm32.10.3-2021.10.win32_1.0.0.202111181127/tools/bin/../lib/gcc/arm-none-eabi/10.3.1/../../../../arm-none-eabi/lib/thumb/v7e-m+fp/hard\libc_nano.a(lib_a-assert.o)
                                         0x3d (size before relaxing)
 .rodata._setlocale_r.str1.1
                0x0000000008007f51        0x8 c:/st/stm32cubeide_1.10.1/stm32cubeide/plugins/com.st.stm32cube.ide.mcu.externaltools.gnu-tools-for-stm32.10.3-2021.10.win32_1.0.0.202111181127/tools/bin/../lib/gcc/arm-none-eabi/10.3.1/../../../../arm-none-eabi/lib/thumb/v7e-m+fp/hard\libc_nano.a(lib_a-locale.o)
                                          0x9 (size before relaxing)
 .rodata.str1.1
                0x0000000008007f59        0x2 c:/st/stm32cubeide_1.10.1/stm32cubeide/plugins/com.st.stm32cube.ide.mcu.externaltools.gnu-tools-for-stm32.10.3-2021.10.win32_1.0.0.202111181127/tools/bin/../lib/gcc/arm-none-eabi/10.3.1/../../../../arm-none-eabi/lib/thumb/v7e-m+fp/hard\libc_nano.a(lib_a-locale.o)
 .rodata._vfprintf_r.str1.1
                0x0000000008007f5b       0x11 c:/st/stm32cubeide_1.10.1/stm32cubeide/plugins/com.st.stm32cube.ide.mcu.externaltools.gnu-tools-for-stm32.10.3-2021.10.win32_1.0.0.202111181127/tools/bin/../lib/gcc/arm-none-eabi/10.3.1/../../../../arm-none-eabi/lib/thumb/v7e-m+fp/hard\libc_nano.a(lib_a-nano-vfprintf.o)
 .rodata._ctype_
                0x0000000008007f5b      0x101 c:/st/stm32cubeide_1.10.1/stm32cubeide/plugins/com.st.stm32cube.ide.mcu.externaltools.gnu-tools-for-stm32.10.3-2021.10.win32_1.0.0.202111181127/tools/bin/../lib/gcc/arm-none-eabi/10.3.1/../../../../arm-none-eabi/lib/thumb/v7e-m+fp/hard\libc_nano.a(lib_a-ctype_.o)
                0x0000000008007f5b                _ctype_
 .rodata.__sf_fake_stderr
                0x000000000800805c       0x20 c:/st/stm32cubeide_1.10.1/stm32cubeide/plugins/com.st.stm32cube.ide.mcu.externaltools.gnu-tools-for-stm32.10.3-2021.10.win32_1.0.0.202111181127/tools/bin/../lib/gcc/arm-none-eabi/10.3.1/../../../../arm-none-eabi/lib/thumb/v7e-m+fp/hard\libc_nano.a(lib_a-findfp.o)
                0x000000000800805c                __sf_fake_stderr
 .rodata.__sf_fake_stdin
                0x000000000800807c       0x20 c:/st/stm32cubeide_1.10.1/stm32cubeide/plugins/com.st.stm32cube.ide.mcu.externaltools.gnu-tools-for-stm32.10.3-2021.10.win32_1.0.0.202111181127/tools/bin/../lib/gcc/arm-none-eabi/10.3.1/../../../../arm-none-eabi/lib/thumb/v7e-m+fp/hard\libc_nano.a(lib_a-findfp.o)
                0x000000000800807c                __sf_fake_stdin
 .rodata.__sf_fake_stdout
                0x000000000800809c       0x20 c:/st/stm32cubeide_1.10.1/stm32cubeide/plugins/com.st.stm32cube.ide.mcu.externaltools.gnu-tools-for-stm32.10.3-2021.10.win32_1.0.0.202111181127/tools/bin/../lib/gcc/arm-none-eabi/10.3.1/../../../../arm-none-eabi/lib/thumb/v7e-m+fp/hard\libc_nano.a(lib_a-findfp.o)
                0x000000000800809c                __sf_fake_stdout
                0x00000000080080bc                . = ALIGN (0x4)

.ARM.extab      0x00000000080080bc        0x0
                0x00000000080080bc                . = ALIGN (0x4)
 *(.ARM.extab* .gnu.linkonce.armextab.*)
                0x00000000080080bc                . = ALIGN (0x4)

.ARM            0x00000000080080bc        0x8
                0x00000000080080bc                . = ALIGN (0x4)
                0x00000000080080bc                __exidx_start = .
 *(.ARM.exidx*)
 .ARM.exidx     0x00000000080080bc        0x8 c:/st/stm32cubeide_1.10.1/stm32cubeide/plugins/com.st.stm32cube.ide.mcu.externaltools.gnu-tools-for-stm32.10.3-2021.10.win32_1.0.0.202111181127/tools/bin/../lib/gcc/arm-none-eabi/10.3.1/thumb/v7e-m+fp/hard\libgcc.a(_udivmoddi4.o)
                0x00000000080080c4                __exidx_end = .
                0x00000000080080c4                . = ALIGN (0x4)

.rel.dyn        0x00000000080080c4        0x0
 .rel.iplt      0x00000000080080c4        0x0 c:/st/stm32cubeide_1.10.1/stm32cubeide/plugins/com.st.stm32cube.ide.mcu.externaltools.gnu-tools-for-stm32.10.3-2021.10.win32_1.0.0.202111181127/tools/bin/../lib/gcc/arm-none-eabi/10.3.1/thumb/v7e-m+fp/hard/crtbegin.o

.preinit_array  0x00000000080080c4        0x0
                0x00000000080080c4                . = ALIGN (0x4)
                0x00000000080080c4                PROVIDE (__preinit_array_start = .)
 *(.preinit_array*)
                0x00000000080080c4                PROVIDE (__preinit_array_end = .)
                0x00000000080080c4                . = ALIGN (0x4)

.init_array     0x00000000080080c4        0x4
                0x00000000080080c4                . = ALIGN (0x4)
                0x00000000080080c4                PROVIDE (__init_array_start = .)
 *(SORT_BY_NAME(.init_array.*))
 *(.init_array*)
 .init_array    0x00000000080080c4        0x4 c:/st/stm32cubeide_1.10.1/stm32cubeide/plugins/com.st.stm32cube.ide.mcu.externaltools.gnu-tools-for-stm32.10.3-2021.10.win32_1.0.0.202111181127/tools/bin/../lib/gcc/arm-none-eabi/10.3.1/thumb/v7e-m+fp/hard/crtbegin.o
                0x00000000080080c8                PROVIDE (__init_array_end = .)
                0x00000000080080c8                . = ALIGN (0x4)

.fini_array     0x00000000080080c8        0x4
                0x00000000080080c8                . = ALIGN (0x4)
                [!provide]                        PROVIDE (__fini_array_start = .)
 *(SORT_BY_NAME(.fini_array.*))
 *(.fini_array*)
 .fini_array    0x00000000080080c8        0x4 c:/st/stm32cubeide_1.10.1/stm32cubeide/plugins/com.st.stm32cube.ide.mcu.externaltools.gnu-tools-for-stm32.10.3-2021.10.win32_1.0.0.202111181127/tools/bin/../lib/gcc/arm-none-eabi/10.3.1/thumb/v7e-m+fp/hard/crtbegin.o
                [!provide]                        PROVIDE (__fini_array_end = .)
                0x00000000080080cc                . = ALIGN (0x4)
                0x00000000080080cc                _sidata = LOADADDR (.data)

.data           0x0000000020000000      0x7b4 load address 0x00000000080080cc
                0x0000000020000000                . = ALIGN (0x4)
                0x0000000020000000                _sdata = .
 *(.data)
 *(.data*)
 .data.SystemCoreClock
                0x0000000020000000        0x4 ./Core/Src/system_stm32f4xx.o
                0x0000000020000000                SystemCoreClock
 .data.uwTickPrio
                0x0000000020000004        0x4 ./Drivers/STM32F4xx_HAL_Driver/Src/stm32f4xx_hal.o
                0x0000000020000004                uwTickPrio
 .data.uwTickFreq
                0x0000000020000008        0x1 ./Drivers/STM32F4xx_HAL_Driver/Src/stm32f4xx_hal.o
                0x0000000020000008                uwTickFreq
 *fill*         0x0000000020000009        0x3 
 .data.g_sine_model
                0x000000002000000c       0x60 ./X-CUBE-AI/App/sine_model.o
 .data.dense_2_bias_array
                0x000000002000006c       0x10 ./X-CUBE-AI/App/sine_model.o
 .data.dense_2_weights_array
                0x000000002000007c       0x10 ./X-CUBE-AI/App/sine_model.o
 .data.dense_1_bias_array
                0x000000002000008c       0x10 ./X-CUBE-AI/App/sine_model.o
 .data.dense_1_weights_array
                0x000000002000009c       0x10 ./X-CUBE-AI/App/sine_model.o
 .data.dense_0_bias_array
                0x00000000200000ac       0x10 ./X-CUBE-AI/App/sine_model.o
 .data.dense_0_weights_array
                0x00000000200000bc       0x10 ./X-CUBE-AI/App/sine_model.o
 .data.serving_default_dense_input0_output_array
                0x00000000200000cc       0x10 ./X-CUBE-AI/App/sine_model.o
 .data.dense_0_output_array
                0x00000000200000dc       0x10 ./X-CUBE-AI/App/sine_model.o
 .data.nl_0_output_array
                0x00000000200000ec       0x10 ./X-CUBE-AI/App/sine_model.o
 .data.dense_1_output_array
                0x00000000200000fc       0x10 ./X-CUBE-AI/App/sine_model.o
 .data.nl_1_output_array
                0x000000002000010c       0x10 ./X-CUBE-AI/App/sine_model.o
 .data.dense_2_output_array
                0x000000002000011c       0x10 ./X-CUBE-AI/App/sine_model.o
 .data.dense_2_bias
                0x000000002000012c       0x1c ./X-CUBE-AI/App/sine_model.o
 .data.dense_2_weights
                0x0000000020000148       0x1c ./X-CUBE-AI/App/sine_model.o
 .data.dense_1_bias
                0x0000000020000164       0x1c ./X-CUBE-AI/App/sine_model.o
 .data.dense_1_weights
                0x0000000020000180       0x1c ./X-CUBE-AI/App/sine_model.o
 .data.dense_0_bias
                0x000000002000019c       0x1c ./X-CUBE-AI/App/sine_model.o
 .data.dense_0_weights
                0x00000000200001b8       0x1c ./X-CUBE-AI/App/sine_model.o
 .data.serving_default_dense_input0_output
                0x00000000200001d4       0x1c ./X-CUBE-AI/App/sine_model.o
 .data.dense_0_output
                0x00000000200001f0       0x1c ./X-CUBE-AI/App/sine_model.o
 .data.nl_0_output
                0x000000002000020c       0x1c ./X-CUBE-AI/App/sine_model.o
 .data.dense_1_output
                0x0000000020000228       0x1c ./X-CUBE-AI/App/sine_model.o
 .data.nl_1_output
                0x0000000020000244       0x1c ./X-CUBE-AI/App/sine_model.o
 .data.dense_2_output
                0x0000000020000260       0x1c ./X-CUBE-AI/App/sine_model.o
 .data.dense_0_layer
                0x000000002000027c       0x18 ./X-CUBE-AI/App/sine_model.o
 .data.nl_0_layer
                0x0000000020000294       0x1c ./X-CUBE-AI/App/sine_model.o
 .data.dense_1_layer
                0x00000000200002b0       0x18 ./X-CUBE-AI/App/sine_model.o
 .data.nl_1_layer
                0x00000000200002c8       0x1c ./X-CUBE-AI/App/sine_model.o
 .data.dense_2_layer
                0x00000000200002e4       0x18 ./X-CUBE-AI/App/sine_model.o
 .data.__compound_literal.0
                0x00000000200002fc       0x10 ./X-CUBE-AI/App/sine_model.o
 .data.__compound_literal.1
                0x000000002000030c       0x10 ./X-CUBE-AI/App/sine_model.o
 .data.__compound_literal.2
                0x000000002000031c       0x10 ./X-CUBE-AI/App/sine_model.o
 .data.__compound_literal.3
                0x000000002000032c       0x10 ./X-CUBE-AI/App/sine_model.o
 .data.__compound_literal.4
                0x000000002000033c       0x10 ./X-CUBE-AI/App/sine_model.o
 .data.__compound_literal.5
                0x000000002000034c       0x10 ./X-CUBE-AI/App/sine_model.o
 .data.__compound_literal.6
                0x000000002000035c       0x10 ./X-CUBE-AI/App/sine_model.o
 .data.__compound_literal.7
                0x000000002000036c       0x10 ./X-CUBE-AI/App/sine_model.o
 .data.__compound_literal.8
                0x000000002000037c       0x10 ./X-CUBE-AI/App/sine_model.o
 .data.__compound_literal.9
                0x000000002000038c       0x10 ./X-CUBE-AI/App/sine_model.o
 .data.__compound_literal.10
                0x000000002000039c       0x10 ./X-CUBE-AI/App/sine_model.o
 .data.__compound_literal.11
                0x00000000200003ac       0x10 ./X-CUBE-AI/App/sine_model.o
 .data.__compound_literal.12
                0x00000000200003bc       0x10 ./X-CUBE-AI/App/sine_model.o
 .data.__compound_literal.13
                0x00000000200003cc       0x10 ./X-CUBE-AI/App/sine_model.o
 .data.__compound_literal.14
                0x00000000200003dc       0x10 ./X-CUBE-AI/App/sine_model.o
 .data.__compound_literal.15
                0x00000000200003ec       0x10 ./X-CUBE-AI/App/sine_model.o
 .data.__compound_literal.16
                0x00000000200003fc       0x10 ./X-CUBE-AI/App/sine_model.o
 .data.__compound_literal.17
                0x000000002000040c       0x10 ./X-CUBE-AI/App/sine_model.o
 .data.__compound_literal.18
                0x000000002000041c       0x10 ./X-CUBE-AI/App/sine_model.o
 .data.__compound_literal.19
                0x000000002000042c       0x10 ./X-CUBE-AI/App/sine_model.o
 .data.__compound_literal.20
                0x000000002000043c       0x10 ./X-CUBE-AI/App/sine_model.o
 .data.__compound_literal.21
                0x000000002000044c       0x10 ./X-CUBE-AI/App/sine_model.o
 .data.__compound_literal.22
                0x000000002000045c       0x10 ./X-CUBE-AI/App/sine_model.o
 .data.__compound_literal.23
                0x000000002000046c       0x10 ./X-CUBE-AI/App/sine_model.o
 .data.__compound_literal.24
                0x000000002000047c        0x4 ./X-CUBE-AI/App/sine_model.o
 .data.__compound_literal.25
                0x0000000020000480        0x4 ./X-CUBE-AI/App/sine_model.o
 .data.__compound_literal.26
                0x0000000020000484        0x8 ./X-CUBE-AI/App/sine_model.o
 .data.__compound_literal.28
                0x000000002000048c       0x30 ./X-CUBE-AI/App/sine_model.o
 .data.__compound_literal.29
                0x00000000200004bc        0x4 ./X-CUBE-AI/App/sine_model.o
 .data.__compound_literal.30
                0x00000000200004c0        0x4 ./X-CUBE-AI/App/sine_model.o
 .data.__compound_literal.33
                0x00000000200004c4       0x30 ./X-CUBE-AI/App/sine_model.o
 .data.__compound_literal.34
                0x00000000200004f4        0x4 ./X-CUBE-AI/App/sine_model.o
 .data.__compound_literal.35
                0x00000000200004f8        0x4 ./X-CUBE-AI/App/sine_model.o
 .data.__compound_literal.36
                0x00000000200004fc        0x8 ./X-CUBE-AI/App/sine_model.o
 .data.__compound_literal.38
                0x0000000020000504       0x30 ./X-CUBE-AI/App/sine_model.o
 .data.__compound_literal.39
                0x0000000020000534        0x4 ./X-CUBE-AI/App/sine_model.o
 .data.__compound_literal.40
                0x0000000020000538        0x4 ./X-CUBE-AI/App/sine_model.o
 .data.__compound_literal.43
                0x000000002000053c       0x30 ./X-CUBE-AI/App/sine_model.o
 .data.__compound_literal.44
                0x000000002000056c        0x4 ./X-CUBE-AI/App/sine_model.o
 .data.__compound_literal.45
                0x0000000020000570        0x4 ./X-CUBE-AI/App/sine_model.o
 .data.__compound_literal.46
                0x0000000020000574        0x8 ./X-CUBE-AI/App/sine_model.o
 .data.__compound_literal.48
                0x000000002000057c       0x30 ./X-CUBE-AI/App/sine_model.o
 .data.__compound_literal.49
                0x00000000200005ac        0x4 ./X-CUBE-AI/App/sine_model.o
 .data.__compound_literal.53
                0x00000000200005b0        0xc ./X-CUBE-AI/App/sine_model.o
 .data.__compound_literal.54
                0x00000000200005bc        0x4 ./X-CUBE-AI/App/sine_model.o
 .data.__compound_literal.58
                0x00000000200005c0        0xc ./X-CUBE-AI/App/sine_model.o
 .data.__compound_literal.59
                0x00000000200005cc       0x18 ./X-CUBE-AI/App/sine_model.o
 .data._impure_ptr
                0x00000000200005e4        0x4 c:/st/stm32cubeide_1.10.1/stm32cubeide/plugins/com.st.stm32cube.ide.mcu.externaltools.gnu-tools-for-stm32.10.3-2021.10.win32_1.0.0.202111181127/tools/bin/../lib/gcc/arm-none-eabi/10.3.1/../../../../arm-none-eabi/lib/thumb/v7e-m+fp/hard\libc_nano.a(lib_a-impure.o)
                0x00000000200005e4                _impure_ptr
 .data.impure_data
                0x00000000200005e8       0x60 c:/st/stm32cubeide_1.10.1/stm32cubeide/plugins/com.st.stm32cube.ide.mcu.externaltools.gnu-tools-for-stm32.10.3-2021.10.win32_1.0.0.202111181127/tools/bin/../lib/gcc/arm-none-eabi/10.3.1/../../../../arm-none-eabi/lib/thumb/v7e-m+fp/hard\libc_nano.a(lib_a-impure.o)
 .data.__global_locale
                0x0000000020000648      0x16c c:/st/stm32cubeide_1.10.1/stm32cubeide/plugins/com.st.stm32cube.ide.mcu.externaltools.gnu-tools-for-stm32.10.3-2021.10.win32_1.0.0.202111181127/tools/bin/../lib/gcc/arm-none-eabi/10.3.1/../../../../arm-none-eabi/lib/thumb/v7e-m+fp/hard\libc_nano.a(lib_a-locale.o)
                0x0000000020000648                __global_locale
 *(.RamFunc)
 *(.RamFunc*)
                0x00000000200007b4                . = ALIGN (0x4)
                0x00000000200007b4                _edata = .

.igot.plt       0x00000000200007b4        0x0 load address 0x0000000008008880
 .igot.plt      0x00000000200007b4        0x0 c:/st/stm32cubeide_1.10.1/stm32cubeide/plugins/com.st.stm32cube.ide.mcu.externaltools.gnu-tools-for-stm32.10.3-2021.10.win32_1.0.0.202111181127/tools/bin/../lib/gcc/arm-none-eabi/10.3.1/thumb/v7e-m+fp/hard/crtbegin.o
                0x00000000200007b4                . = ALIGN (0x4)

.bss            0x00000000200007b4      0x144 load address 0x0000000008008880
                0x00000000200007b4                _sbss = .
                0x00000000200007b4                __bss_start__ = _sbss
 *(.bss)
 .bss           0x00000000200007b4       0x1c c:/st/stm32cubeide_1.10.1/stm32cubeide/plugins/com.st.stm32cube.ide.mcu.externaltools.gnu-tools-for-stm32.10.3-2021.10.win32_1.0.0.202111181127/tools/bin/../lib/gcc/arm-none-eabi/10.3.1/thumb/v7e-m+fp/hard/crtbegin.o
 *(.bss*)
 .bss.hcrc      0x00000000200007d0        0x8 ./Core/Src/main.o
                0x00000000200007d0                hcrc
 .bss.htim14    0x00000000200007d8       0x48 ./Core/Src/main.o
                0x00000000200007d8                htim14
 .bss.huart2    0x0000000020000820       0x44 ./Core/Src/main.o
                0x0000000020000820                huart2
 .bss.__sbrk_heap_end
                0x0000000020000864        0x4 ./Core/Src/sysmem.o
 .bss.uwTick    0x0000000020000868        0x4 ./Drivers/STM32F4xx_HAL_Driver/Src/stm32f4xx_hal.o
                0x0000000020000868                uwTick
 .bss.__compound_literal.27
                0x000000002000086c        0x4 ./X-CUBE-AI/App/sine_model.o
 .bss.__compound_literal.31
                0x0000000020000870        0x4 ./X-CUBE-AI/App/sine_model.o
 .bss.__compound_literal.32
                0x0000000020000874        0x4 ./X-CUBE-AI/App/sine_model.o
 .bss.__compound_literal.37
                0x0000000020000878        0x4 ./X-CUBE-AI/App/sine_model.o
 .bss.__compound_literal.41
                0x000000002000087c        0x4 ./X-CUBE-AI/App/sine_model.o
 .bss.__compound_literal.42
                0x0000000020000880        0x4 ./X-CUBE-AI/App/sine_model.o
 .bss.__compound_literal.47
                0x0000000020000884        0x4 ./X-CUBE-AI/App/sine_model.o
 .bss.__compound_literal.50
                0x0000000020000888       0x18 ./X-CUBE-AI/App/sine_model.o
 .bss.__compound_literal.51
                0x00000000200008a0       0x10 ./X-CUBE-AI/App/sine_model.o
 .bss.__compound_literal.52
                0x00000000200008b0        0x8 ./X-CUBE-AI/App/sine_model.o
 .bss.__compound_literal.55
                0x00000000200008b8       0x18 ./X-CUBE-AI/App/sine_model.o
 .bss.__compound_literal.56
                0x00000000200008d0       0x10 ./X-CUBE-AI/App/sine_model.o
 .bss.__compound_literal.57
                0x00000000200008e0        0x8 ./X-CUBE-AI/App/sine_model.o
 .bss.__malloc_free_list
                0x00000000200008e8        0x4 c:/st/stm32cubeide_1.10.1/stm32cubeide/plugins/com.st.stm32cube.ide.mcu.externaltools.gnu-tools-for-stm32.10.3-2021.10.win32_1.0.0.202111181127/tools/bin/../lib/gcc/arm-none-eabi/10.3.1/../../../../arm-none-eabi/lib/thumb/v7e-m+fp/hard\libc_nano.a(lib_a-nano-mallocr.o)
                0x00000000200008e8                __malloc_free_list
 .bss.__malloc_sbrk_start
                0x00000000200008ec        0x4 c:/st/stm32cubeide_1.10.1/stm32cubeide/plugins/com.st.stm32cube.ide.mcu.externaltools.gnu-tools-for-stm32.10.3-2021.10.win32_1.0.0.202111181127/tools/bin/../lib/gcc/arm-none-eabi/10.3.1/../../../../arm-none-eabi/lib/thumb/v7e-m+fp/hard\libc_nano.a(lib_a-nano-mallocr.o)
                0x00000000200008ec                __malloc_sbrk_start
 .bss.errno     0x00000000200008f0        0x4 c:/st/stm32cubeide_1.10.1/stm32cubeide/plugins/com.st.stm32cube.ide.mcu.externaltools.gnu-tools-for-stm32.10.3-2021.10.win32_1.0.0.202111181127/tools/bin/../lib/gcc/arm-none-eabi/10.3.1/../../../../arm-none-eabi/lib/thumb/v7e-m+fp/hard\libc_nano.a(lib_a-reent.o)
                0x00000000200008f0                errno
 .bss.__lock___malloc_recursive_mutex
                0x00000000200008f4        0x1 c:/st/stm32cubeide_1.10.1/stm32cubeide/plugins/com.st.stm32cube.ide.mcu.externaltools.gnu-tools-for-stm32.10.3-2021.10.win32_1.0.0.202111181127/tools/bin/../lib/gcc/arm-none-eabi/10.3.1/../../../../arm-none-eabi/lib/thumb/v7e-m+fp/hard\libc_nano.a(lib_a-lock.o)
                0x00000000200008f4                __lock___malloc_recursive_mutex
 .bss.__lock___sfp_recursive_mutex
                0x00000000200008f5        0x1 c:/st/stm32cubeide_1.10.1/stm32cubeide/plugins/com.st.stm32cube.ide.mcu.externaltools.gnu-tools-for-stm32.10.3-2021.10.win32_1.0.0.202111181127/tools/bin/../lib/gcc/arm-none-eabi/10.3.1/../../../../arm-none-eabi/lib/thumb/v7e-m+fp/hard\libc_nano.a(lib_a-lock.o)
                0x00000000200008f5                __lock___sfp_recursive_mutex
 .bss.__lock___sinit_recursive_mutex
                0x00000000200008f6        0x1 c:/st/stm32cubeide_1.10.1/stm32cubeide/plugins/com.st.stm32cube.ide.mcu.externaltools.gnu-tools-for-stm32.10.3-2021.10.win32_1.0.0.202111181127/tools/bin/../lib/gcc/arm-none-eabi/10.3.1/../../../../arm-none-eabi/lib/thumb/v7e-m+fp/hard\libc_nano.a(lib_a-lock.o)
                0x00000000200008f6                __lock___sinit_recursive_mutex
 *(COMMON)
                0x00000000200008f8                . = ALIGN (0x4)
 *fill*         0x00000000200008f7        0x1 
                0x00000000200008f8                _ebss = .
                0x00000000200008f8                __bss_end__ = _ebss

._user_heap_stack
                0x00000000200008f8      0xa00 load address 0x0000000008008880
                0x00000000200008f8                . = ALIGN (0x8)
                [!provide]                        PROVIDE (end = .)
                0x00000000200008f8                PROVIDE (_end = .)
                0x0000000020000af8                . = (. + _Min_Heap_Size)
 *fill*         0x00000000200008f8      0x200 
                0x00000000200012f8                . = (. + _Min_Stack_Size)
 *fill*         0x0000000020000af8      0x800 
                0x00000000200012f8                . = ALIGN (0x8)

/DISCARD/
 libc.a(*)
 libm.a(*)
 libgcc.a(*)

.ARM.attributes
                0x0000000000000000       0x30
 *(.ARM.attributes)
 .ARM.attributes
                0x0000000000000000       0x1e c:/st/stm32cubeide_1.10.1/stm32cubeide/plugins/com.st.stm32cube.ide.mcu.externaltools.gnu-tools-for-stm32.10.3-2021.10.win32_1.0.0.202111181127/tools/bin/../lib/gcc/arm-none-eabi/10.3.1/thumb/v7e-m+fp/hard/crti.o
 .ARM.attributes
                0x000000000000001e       0x34 c:/st/stm32cubeide_1.10.1/stm32cubeide/plugins/com.st.stm32cube.ide.mcu.externaltools.gnu-tools-for-stm32.10.3-2021.10.win32_1.0.0.202111181127/tools/bin/../lib/gcc/arm-none-eabi/10.3.1/thumb/v7e-m+fp/hard/crtbegin.o
 .ARM.attributes
                0x0000000000000052       0x34 ./Core/Src/main.o
 .ARM.attributes
                0x0000000000000086       0x34 ./Core/Src/stm32f4xx_hal_msp.o
 .ARM.attributes
                0x00000000000000ba       0x34 ./Core/Src/stm32f4xx_it.o
 .ARM.attributes
                0x00000000000000ee       0x34 ./Core/Src/syscalls.o
 .ARM.attributes
                0x0000000000000122       0x34 ./Core/Src/sysmem.o
 .ARM.attributes
                0x0000000000000156       0x34 ./Core/Src/system_stm32f4xx.o
 .ARM.attributes
                0x000000000000018a       0x21 ./Core/Startup/startup_stm32f446retx.o
 .ARM.attributes
                0x00000000000001ab       0x34 ./Drivers/STM32F4xx_HAL_Driver/Src/stm32f4xx_hal.o
 .ARM.attributes
                0x00000000000001df       0x34 ./Drivers/STM32F4xx_HAL_Driver/Src/stm32f4xx_hal_cortex.o
 .ARM.attributes
                0x0000000000000213       0x34 ./Drivers/STM32F4xx_HAL_Driver/Src/stm32f4xx_hal_crc.o
 .ARM.attributes
                0x0000000000000247       0x34 ./Drivers/STM32F4xx_HAL_Driver/Src/stm32f4xx_hal_gpio.o
 .ARM.attributes
                0x000000000000027b       0x34 ./Drivers/STM32F4xx_HAL_Driver/Src/stm32f4xx_hal_rcc.o
 .ARM.attributes
                0x00000000000002af       0x34 ./Drivers/STM32F4xx_HAL_Driver/Src/stm32f4xx_hal_rcc_ex.o
 .ARM.attributes
                0x00000000000002e3       0x34 ./Drivers/STM32F4xx_HAL_Driver/Src/stm32f4xx_hal_tim.o
 .ARM.attributes