../Drivers/Src/spi_driver.c:15:6:SPI_PeriClockControl	16	static
../Drivers/Src/spi_driver.c:36:6:SPI_Init	24	static
../Drivers/Src/spi_driver.c:75:9:SPI_GetFlagStatus	16	static
../Drivers/Src/spi_driver.c:81:6:SPI_SendData	24	static
../Drivers/Src/spi_driver.c:103:6:SPI_RecieveData	24	static
../Drivers/Src/spi_driver.c:126:6:SPI_PeripheralControl	16	static
../Drivers/Src/spi_driver.c:133:6:SPI_SSIConfig	16	static
../Drivers/Src/spi_driver.c:140:6:SPI_SSOEConfig	16	static
../Drivers/Src/spi_driver.c:148:9:SPI_SendDataIT	32	static
../Drivers/Src/spi_driver.c:163:9:SPI_RecieveDataIT	32	static
../Drivers/Src/spi_driver.c:179:6:SPI_IRQInterruptConfig	16	static
../Drivers/Src/spi_driver.c:211:6:SPI_IRQPriorityConfig	24	static
../Drivers/Src/spi_driver.c:223:6:SPI_IRQHandlingConfig	24	static
../Drivers/Src/spi_driver.c:250:13:spi_txe_interrupt_handle	16	static
../Drivers/Src/spi_driver.c:273:13:spi_rxne_interrupt_handle	16	static
../Drivers/Src/spi_driver.c:296:13:spi_ovr_interrupt_handle	24	static
../Drivers/Src/spi_driver.c:308:6:SPI_CloseTransmission	16	static
../Drivers/Src/spi_driver.c:314:6:SPI_CloseReception	16	static
../Drivers/Src/spi_driver.c:320:6:SPI_ClearOVRFlag	24	static
../Drivers/Src/spi_driver.c:327:13:SPI_ApplicationEventCallback	16	static
